zen
omega
bootstrap
adaptivetheme
corporateclean
adminimal_theme
marinelli
tao
danland
business
framework
rubik
bluemasters
fusion
shiny
skeletontheme
pixture_reloaded
corolla
nucleus
mayo
omega_kickstart
professional_theme
sky
nexus
andromeda
acquia_marina
mix_and_match
basic
responsive
responsive_bartik
responsive_blog
simplecorp
rootcandy
best_responsive
zeropoint
business_responsive_theme
acquia_prosper
mothership
touch
bamboo
busy
genesis
ninesixty
corporate
ember
aurora
venture_theme
zircon
corkedscrewer
jackson
zurb_foundation
responsive_business
bluez
multipurpose
responsive_green
oa_radix
creative
tb_sirate
urbansolice
impact_theme
footheme
mobile
cti_flex
kanji
radix
journalcrunch
dark_elegant
fresh
blogbuzz
gratis
likable
acquia_slate
boron
business_theme
newsflash
seven
clean_theme
fontfolio
plasma
simpleclean
magazeen_lite
metropolis
clean
company
blueprint
tb_purity
openchurch_theme
platon
colourise
black_premium
blogger_theme
metro_zymphonies_theme
elegant_theme
tma
corporate_agency
education
hertz
md_foto
antonelli
admire_grunge
bootstrap_barrio
analytic
yellowed
fusion_mobile
wilderness
alpha_responsive_theme
sasson
arctica
simply_modern
orange
deco
samara
tweme
alphorn
twitter_bootstrap
touchpro
berry
nitobe
arthemia
alpine
waffles
tb_blog
professional_pro
scholarly_lite
pixture
om
startupgrowth_lite
litejazz
starfish_responsive_theme
newswire
mobile_jquery
nokia_mobile
selecta
premium_corporate
gordon
tundra
boilerplate
daycare
fold
ice_business
lexi_responsive_theme
tb_rave
dartik
united_zymphonies_theme
wabi
businesstime
fourseasons
md_minimal
tarski
ishopping
ad_novus
havasu
multiflex3
async
aperture
corporate_blue
groundwork
bluemarine
fubik
navin
summertime
typebased
at_panels_everywhere
boldy
dan
layoutstudio
lava
cloudy
outreach
amity_island
storefront
kalatheme
forest_floor
hatch
software_responsive_theme
magazeen
openpublic_eu
dossier
titan
precision
respond
superclean
koi
bootstrap_business
business_enterprises
foliage
drupalace
whitebull
ginkgo
cube
splendio
virgo_zymphonies_theme
mobile_garland
zen_ninesixty
black_hole
creative_responsive_theme
interactive_media
photography_zymphonies_theme
beauty_theme
lc3_clean
md_construction
tb_methys
blacksea
corp
ninesixtyrobots
photogenic
phoenix_responsive_theme
twilight
b2_nature
abc
zentropy
black_lagoon
elements_theme
thecompany_responsive_theme
tapestry
professional_responsive_theme
a3_atlantis
gateway
hotel
tb_mollise
elegant_blue
easybreeze
radix_stanley
blackpiano
granada
sankofa
addari
conch
medical_zymphonies_theme
openomega
fever
simpler
photo
portfolio_zymphonies_theme
ad_blueprint
neptune
gardening
tej
bluebreeze
elimai
earthish
salamanderskins
micro_zymphonies_theme
blossom_admin
tb_neris
beach
bealestreet
webmate_responsive_theme
internet_services
versatile
barron
biolife
academia
mundus
tb_simply
bear_skin
modern_theme
aberdeen
pro
zenstrap
html5_base
execute_responsive_theme
arras
stanley
traction
whitejazz
colorpaper
jaded
sigmaone
teleco
pru8
black_blog
bootstrap_clean_blog
shallowgrunge
business_blog
classic_blog
plate
fervens
rubix_responsive_theme
office_responsive_theme
black
austin
beginning
ellington
gamma
business_lite
sports_zone
writer
shakennotstirred
chamfer
golden_grid
poultry
painted
contented7
rijkshuisstijl
bootstrap_agency
abarre
energetic
openpublish_theme
negosyante
polpo
noodle
amadou
mobile_basic
tb_hadelis
tb_palicico
responsive_blog_theme
cm_theme
jbase5
bluejems
bh_bootstrap
tendu
airyblue
avitamin
tb_events
waterloo
symphony_zymphonies_theme
business_yellow
fbg
commons_origins
corky
wedding_bells
pointnet_red_sun_responsive_theme
iui
mystique_theme
zebilla
black_mamba
mini_zymphonies_theme
scruffy
media_responsive_theme
drupify
greennblack
sandium
center
wetkit_ember
desk02_gradiel
squaregrid
eco
chef
bella
malinis
blank
fusion_prosper
earthen
flabiol
admire_gray
profolio
barlow
libra
andreas02
abstract
red
grassland
chameleon
velvetsky
bootstrap_instant
beta
lightfantastic
green
flux
crisp
om_admin
talata
dingus
livethemer_base
wetkit_omega
darkblue
blackout
eclean
lemontwist
plato
html5_simplified
alek_2_0
offline
bigdaddy
iwebkit
corporate_site
socrates
scaccarium
jalapeno
fortytwo
pushbutton
impulsealpha
squid_pro
appco_zymphonies_theme
celju
civi_bartik
decayed
stark
themage
pure_css
white
entity_iframe_theme
salamander
mpfree
portal_theme
multipurpose_zymphonies_theme
acoldday
darkelegance
theme01
quicksilver
fiddle
mulpo
abessive
jp_mobile
pluralism
foundation
notechaos
circle
alina
paradise
celadon
designer_relief
ability
insurance
flexible
nigraphic
agregado
contrast
liquid_coolness
alloy
changeme
panels_960gs
cleanfolio
summer
luxury
twentyeleven
wrappedsites
biz
frontmap
cms_bootstrap3
graze
easy_clean
bartik_fb
willibald
parish_theme
mm
colorfulness_theme
baseless
bookstore
fusion_slate
artistsc01
starkish
arclitetheme
gogland
flat_ui
affaires
zoundation
blix
amlekula
burnt
ad_the_morning_after
moleskine
meedjum
naken
sea_breeze
crusti
jq_theme
burnt_rubber
responsive_skeleton
pm_kickstart_theme
agua
pm_vista
lightweight
pets
box_grey
ishalist
twentyfifteen
arti
atck
travel
fabist
neato
inf08
avitaminplus
parrot
light
media_blue
unary
dreamy
ifeeldirty
icandy
html5_boilerplate
blogon_responsive_theme
fresh_media
inove
acrylic
law
itheme2
fueldeluxe
andreas1024px
beep_edition
da_vinci
clearblue
freshgreen
ubiquity
ebizon_redfire
mayumi
gob_cl
noprob
mobi
chocotheme
andreas
nista
plutado
cleanr
coolness
urban_view
simpliste
seventeen
xtheme
fields_2009
cherryblossom
sadaphulii
mojo
mo6
semanticui
absynthe
ninesixtyfive
smokers
id_facta
domicile
coolwater
trotoar
eldir
glossyblue
abeesparadise
adaptivetheme_mobile
ns_theme
hero
simple7
fusion_marina
hexagon
stasis
obsidian
darkritual
blue_zinfandel
delicious_fruit
artsy
pop
semantic_ui_omega
xbartik
imbug
clean_corporate_theme
ad_redoable
html5
octavin
b2_drupal_plus
skeletoncraft
sonambulo
classic_theme
blue_bars
strange_little_town
basic_presentation
ocadia
slash
adelante
chrono
gulmohar
about
blossom
austere
hiroshige
tivity
chrysalis
earth_birthday
elementary
azhagu
incubator_prograde
zubrick
sandtiger
ninesixtyrobots_omega
doune
wetkit_bootstrap
nixer
templist
seed
simplicity
farm_theme
bluefun
fusebasic
redsalute
survivalkit
fullon
zen_classic
sunny_sky
at_koda
jqm
vert
detamo
hiya
beginningw2
corporate_corp_theme
terrafirma_theme
chaigaram
red_ruby
fusemobile
grunge
sizzle
bootstrap_panels
maps_theme_commerce
zilch
nuboot
toasted
acme
glassical
brand_seven
aim
channel_nine
internet_center
dropshadow
vibe
contented5
fruit_blossom
german_newspaper
mistylook
lightword
transparency
bootstrap_blue
erpal_theme
plutado_green
camsel
letter
metro
locke
freestyle
vigilianty
berylizer
dovetail
simplefolio
mydefaulttheme
adaptic
mfirst
aura
pure
prius
restaurant_radix
coolweb
sonbol
marketstate
minimalist
esteem_responsive_theme
k2
dark
appleweb
cdmug
agencydark
idrupal_ui
browny
ceafusion
kands
gesso
genesis_webx
boron_zen
fusion_swimmingly
cogito
blue
spring_bloom
charity
twittish
whiteboardframework
dts
simplex2
cristalx4drupal
nifty50
modernbird
insha
plainscape
hariyali
wlite
plink
yui_grid
adt_basetheme
spreadfirefox
aeon5
artschool
gbif
twenty_ten
neelambal
morelesszen
goofy
internet_jobs
oxidation
warmy
plaingrail
simplygreen
inkribbon
motion
ladybug
roots
alliance
lucid
aether
sharepoint_like
himalaya
plutado_blue
plutado_red
genesis_darkmatter
collab
acoffee
idream
scratch
ad_agency
minimalist_admin
govbr_theme
fblike
amor_azul
soldier
sanqrell
bluetrip
zenland
texas
active_n_rebuild
min
bluezone
ebizon_exotic_red
aqua_fish
extrastark
mobile_ginkgo
b2_silly_clouds
remote
acta_html5
maps_admin
simpla
blommor01
genesis_coldday
bluespan
radiant
newhorizon
polymorph
space
bluelake
sports
designpile
openacadept_theme
personal_site
xurxo
boots
fortyfour
adarkproxisstheme
osmobi_mobile
ofed_theme_nerra
sevenplus
elegant
bluecurve
nonzerored
ecobusiness
jq4dat
abaca
insanitarium
professional
imprezz
tamal
fluxtheme
admiral
alchemist
udtheme
wet4
ablock
fadethingee
snd
city
sea
refresco
studio
devtrac7_theme
bluefreedom3
aquanaut
dessert
celestial
waves
ded
genesis_news
plutado_grey
simple_web
magwood
goldfish
fruit
tc_modernist
pannelli
subtle_simplicity
internet_corporation
purple_beauty
splender
drupazine
pockett
mytree
compact_lime
autumn_almanac
jesox_mmozine
drixel5
terrain
ingrained
wetkit_rubik
greenhouse
antique_modern
genesis_zine
strix
exquisite
recycled
headline
floater
agencygrass
domicile_responsive
naomi
scruffy_desk
prototype
startuply
friendselectric
spooner
extended
skyliner
nerdalistic
darkgrail
ngp
sunset
pinstripes
paper
bz_lite
wynton_magazine
xc_theme
omega_nodemaker
sirbones
biography
restaurant_octal
acta
teka
bootpress
happypixels
clearlooks
genesis_webify
smoothblue
pgtheme
spring_theme
powerfulpink
tranquility
panany
motor
retromania
unicornponies
colorart
garland
foundation_access
hunchbaque
skyroots
activesite
bluenile
sapo
atrium_simple
phantom
openg
bali
runvsc
elms_themes
reset
ombak
green_clean
ninesixtyfluid
everest
millwood
wyo
awesome
bloggrail
web110
particle
opengrid_academica
zerolime
transcribe_theme
woodsman
admire_orange
titon
designless
cea00
twitter_bootstrap_panels_everywhere
wetkit_shiny
bluecitron
fruity
simple_blog
winter_wonderland
grass
absolution
tinsel
gommutheme
tedx
velo
austrofeedr_water
drupalcon_base
kommunity
cleanstate
andreas00
purple_box
genesis_typo1
drixel
fluidgrid
zen_twilight
five
odeta
dance
brooklyn
themereddit
onus
eldir_kt
p6_base
fdt_yellow
hermes_theme
omega_recycled
whitecanvas
strapped
leaf
anitakravitz
n_rebuild
tvframe
greens
light_brown
bartik
hydrogen
curie
athletic
itworld
pirates
redoubt
opendeals_theme
bthap
ofed_theme_maintenance
twbs_seven
clean_a
noule
bassline
amazeui
signage_theme
solarflare
vertigo
friendsforever
zen_midnight
lightgreen
joker
beat
synfox
diary
royal
grumpymonkey
fdt_grey
empty_theme
stack
saeven
enlight
greeny_blu
plutado_wide
bluemarine_ets
neewee
alpha
tattler_theme
skyline-0
yast
simplegray
splendid
sproing
midnight
xsl_bartik
thor
twbs_stark
garuda
andreas03
bluesquare
evolution
d4rk
moshpit
zilo_blog
camaxtli
baselinecss
newskin
erp_theme
vineyard
dotted
lightlytextured
zbench
simplepassage
tumblike
vsc_artistspace
vsc_wired
openpublish_black
three20up
bi3_4
steam
bootstrap_framework
wetkit_adaptivetheme
katturai
led
octal
syzygy
algaglas
turquoise
as_theme
civicspace
holygrail
art4_green
eve_igb
inva
sitebrowser_basic
cws
riebel
htmlzero
typoversicol
five_blog
abundant
pinkish
freeradicals
chitown
dusky
brainstorm
sidney
pandion
fashion
vsc_whitelight
kosova
xmas
cmyk
centurion
p6responsive
basement
demonstratie
zoey
igniter
duofertility
adc
interlaced
polder
stylebox
sunflower
trip
marvin_2k
gworks
simple
greenthing
marvin_2k_phptemplate
box_grey_smarty
persian
manji
pushbutton_phptemplate
occy
democratica
lincolns_revenge
gespaa
rdc
greenmarinee
slurpee
marvinclassic
flatforum
wgbluemarine
bluemarine_smarty
leaf_smarty
argeebee
leaves
connections
sands
bidi
bonsai
meta
k2_smarty
simplex
fancy
goldengray
b7
wireframe
reflection
plain1
mollio
sands_css
niftycorners
andreas09
fern
andreas07
multiflex
aquasoft
olav
nifty_drupal
multiflex21
roundness
sor
seoposition
arcmateria
kyrgyzstan
warped
bluefx
teleology
nokoala
orchard
musicdj
sympal_theme
mydrupal
stylized_beauty
nonzero
golden_hour
triumviratum
box_grey_rtl
candy_corn_rtl
fancy_rtl
manollio_rtl
garlandrtl
multiflex37
combustion
zental
activesigns
internet_services_rtl
gutenberg
pleroma
abac
danger4k
lumen
mydrupal_impact
garamond
thirteen
rezina
bluefreedom
gagarin
treedesert
mydrupal_universal
soccer
sweethome
zenzen
surface
itheme
votebob
bubbles
wall
mondrian
zen_basic
base
basketball
brushed_steel
pearls
newfangled
hyperglass
cod_organizing
sib
newsportal02
scribbish
equalizer
webchick
art4_blue
manuscript
dichotomy
larepublique
skymod
supriya
ufutbol
evening
tech
denver
copyblogger
filmforge_theme
unthemes
emspace_2007
relax
imagination
grid_inspired
blackpark
internet_music
kexolid
sodelicious
fireflystreamcom
renecance
iron
reflek
glorillacomtheme
ranch
retroadmin
industrial
baseline
redhot
fluid
crystalxl
greenpark
hwctravel
phpbb3
sussex
genesis_lite
nirvana
nirvana_fluid
browntown
hydra
basic_sass
drupalui
ablaze
ramadan
flattering
pinkribbon
fall
spring
stilton
swirlylensflare
isilent
drucer
newspaper
fiveseasons
smashing_dilectio
officebobbles
hi5
handbook
acre
css_template_demo
startvsc
modernist
stream-0
eau
cassette
neuehaasgrotesk
kiwitree
asesor_blue
watershed
jquery_mobile
trupal
activator
romania
alternative
vsc_darkmatter
vsc_learningcurve
xsl_absolute
motherload
niki
yasna
giorgio
communitytheme
enterprise
smart
tema
ophiuchus
h2o
entrainment_2011
dream960
folio
jameed
mansaf
eponymous
clarity
fusion_commons_starterkit
fugly
wire960
elijah
drupalpress
clean_blockify
cityscape
balsami
legacy
inuit
impulse
html5admin
start
dddbcn
boilerstrap
pony
szdug
inland
JDT
bluechops
pulp
bartik_respondz
cea_clean
erpal_base_theme
ginkgo_training
unsemantic
zenger_theme
spade
eight
e_commerce
purecss
yggdrasil
nextly
chips
startwork
water
royal_olive
delete_this_promotion_test
rocket
kartheme
khan
helios_responsive
hemingway
devtrac_theme
green_worm
pirateparty
blog_theme
paddle_theme
paddle_admin_theme
nfinity
new_abundant
gemini
promo
subtweme
manage_theme
garland_smarty
mydrupal_tidy
sandbox_theme
orange_mint
cms_theme
drupal_de_1
yui_framework
vardoc_theme
windup
harmony_install_theme
barnettechetjlb
bootstrap_admin
at_commerce
bluefire
mcs
black_getsred
matrimonial
realestate
ofed_theme_cms
mobile_responsive_theme
personal_blog
dc_scratch
nautica09
daleri_structure
dynamic_news_lite
cultura_bootstrap
udtheme_2010
tripal_theme
majesty
launchpad
a_cloudy_day_mobile
a_cloudy_day
materialize
os_delta_responsive_business_theme
oocss
color_glass
commerce_theme
lexus_zymphonies_theme
landing_page_theme
mbase
fly_flower
university
adt_webapplication
