acceso.asp
acceso.aspx
acceso.brf
acceso.cfm
acceso.cgi
acceso.js
acceso.php
account.asp
account.aspx
account.brf
account.cfm
account.cgi
account.html
account.js
account.php
adm/
adm/admloginuser.asp
adm/admloginuser.aspx
adm/admloginuser.brf
adm/admloginuser.cfm
adm/admloginuser.cgi
adm/admloginuser.js
adm/admloginuser.php
adm.asp
adm.aspx
adm_auth.asp
adm_auth.aspx
adm_auth.brf
adm_auth.cfm
adm_auth.cgi
adm_auth.js
adm_auth.php
adm.brf
adm.cfm
adm.cgi
adm.html
admin/
admin1/
admin2/
admin2.asp
admin2.aspx
admin2.brf
admin2.cfm
admin2.cgi
admin2/index.asp
admin2/index.aspx
admin2/index.brf
admin2/index.cfm
admin2/index.cgi
admin2/index.js
admin2/index.php
admin2.js
admin2/login.asp
admin2/login.aspx
admin2/login.brf
admin2/login.cfm
admin2/login.cgi
admin2/login.js
admin2/login.php
admin2.php
admin3/
admin4/
admin5/
admin/account.asp
admin/account.aspx
admin/account.brf
admin/account.cfm
admin/account.cgi
admin/account.html
admin/account.js
admin/account.php
admin/admin.asp
admin/admin.aspx
admin/admin.brf
admin/admin.cfm
admin/admin.cgi
admin/admin.html
admin/admin.js
admin/admin_login.asp
admin/admin-login.asp
admin/adminLogin.asp
admin/admin_login.aspx
admin/admin-login.aspx
admin/adminLogin.aspx
admin/admin_login.brf
admin/admin-login.brf
admin/adminLogin.brf
admin/admin_login.cfm
admin/admin-login.cfm
admin/adminLogin.cfm
admin/admin_login.cgi
admin/admin-login.cgi
admin/adminLogin.cgi
admin/admin_login.html
admin/admin-login.html
admin/adminLogin.html
admin/admin_login.js
admin/admin-login.js
admin/adminLogin.js
admin/admin_login.php
admin/admin-login.php
admin/adminLogin.php
admin/admin.php
admin_area/
adminarea/
admin_area/admin.asp
adminarea/admin.asp
admin_area/admin.aspx
adminarea/admin.aspx
admin_area/admin.brf
adminarea/admin.brf
admin_area/admin.cfm
adminarea/admin.cfm
admin_area/admin.cgi
adminarea/admin.cgi
admin_area/admin.html
adminarea/admin.html
admin_area/admin.js
adminarea/admin.js
admin_area/admin.php
adminarea/admin.php
admin_area/index.asp
adminarea/index.asp
admin_area/index.aspx
adminarea/index.aspx
admin_area/index.brf
adminarea/index.brf
admin_area/index.cfm
adminarea/index.cfm
admin_area/index.cgi
adminarea/index.cgi
admin_area/index.html
adminarea/index.html
admin_area/index.js
adminarea/index.js
admin_area/index.php
adminarea/index.php
admin_area/login.asp
adminarea/login.asp
admin_area/login.aspx
adminarea/login.aspx
admin_area/login.brf
adminarea/login.brf
admin_area/login.cfm
adminarea/login.cfm
admin_area/login.cgi
adminarea/login.cgi
admin_area/login.html
adminarea/login.html
admin_area/login.js
adminarea/login.js
admin_area/login.php
adminarea/login.php
admin.asp
admin.aspx
admin.brf
admin.cfm
admin.cgi
admincontrol.asp
admincontrol.aspx
admincontrol.brf
admincontrol.cfm
admincontrol.cgi
admincontrol.html
admincontrol.js
admincontrol/login.asp
admincontrol/login.aspx
admincontrol/login.brf
admincontrol/login.cfm
admincontrol/login.cgi
admincontrol/login.html
admincontrol/login.js
admincontrol/login.php
admin/controlpanel.asp
admin/controlpanel.aspx
admin/controlpanel.brf
admin/controlpanel.cfm
admin/controlpanel.cgi
admin/controlpanel.html
admin/controlpanel.js
admin/controlpanel.php
admincontrol.php
admin/cp.asp
admin/cp.aspx
admin/cp.brf
admin/cp.cfm
admin/cp.cgi
admin/cp.html
admincp/index.asp
admincp/index.html
admin/cp.js
admincp/login.asp
admin/cp.php
adm/index.asp
adm/index.aspx
adm/index.brf
adm/index.cfm
adm/index.cgi
adm/index.html
adm/index.js
adm/index.php
admin/home.asp
admin/home.aspx
admin/home.brf
admin/home.cfm
admin/home.cgi
admin/home.html
admin/home.js
admin/home.php
admin.html
admin/index.asp
admin/index.aspx
admin/index.brf
admin/index.cfm
admin/index.cgi
admin/index.html
admin/index.js
admin/index.php
administrator/
administrator/account.asp
administrator/account.aspx
administrator/account.brf
administrator/account.cfm
administrator/account.cgi
administrator/account.html
administrator/account.js
administrator/account.php
administrator.asp
administrator.aspx
administrator.brf
administrator.cfm
administrator.cgi
administrator.html
administrator/index.asp
administrator/index.aspx
administrator/index.brf
administrator/index.cfm
administrator/index.cgi
administrator/index.html
administrator/index.js
administrator/index.php
administrator.js
administratorlogin/
administrator/login.asp
administratorlogin.asp
administrator/login.aspx
administratorlogin.aspx
administrator/login.brf
administratorlogin.brf
administrator/login.cfm
administratorlogin.cfm
administrator/login.cgi
administratorlogin.cgi
administrator/login.html
administrator/login.js
administratorlogin.js
administrator/login.php
administratorlogin.php
administrator.php
admin.js
adminLogin/
admin_login.asp
admin-login.asp
admin/login.asp
adminLogin.asp
admin_login.aspx
admin-login.aspx
admin/login.aspx
adminLogin.aspx
admin_login.brf
admin-login.brf
admin/login.brf
adminLogin.brf
admin_login.cfm
admin-login.cfm
admin/login.cfm
adminLogin.cfm
admin_login.cgi
admin-login.cgi
admin/login.cgi
adminLogin.cgi
admin_login.html
admin-login.html
admin/login.html
adminLogin.html
admin_login.js
admin-login.js
admin/login.js
adminLogin.js
admin_login.php
admin-login.php
admin/login.php
adminLogin.php
adminpanel.asp
adminpanel.aspx
adminpanel.brf
adminpanel.cfm
adminpanel.cgi
adminpanel.html
adminpanel.js
adminpanel.php
admin.php
adm.js
admloginuser.asp
admloginuser.aspx
admloginuser.brf
admloginuser.cfm
admloginuser.cgi
admloginuser.js
admloginuser.php
adm.php
affiliate.asp
affiliate.aspx
affiliate.brf
affiliate.cfm
affiliate.cgi
affiliate.js
affiliate.php
bb-admin/
bb-admin/admin.asp
bb-admin/admin.aspx
bb-admin/admin.brf
bb-admin/admin.cfm
bb-admin/admin.cgi
bb-admin/admin.html
bb-admin/admin.js
bb-admin/admin.php
bb-admin/index.asp
bb-admin/index.aspx
bb-admin/index.brf
bb-admin/index.cfm
bb-admin/index.cgi
bb-admin/index.html
bb-admin/index.js
bb-admin/index.php
bb-admin/login.asp
bb-admin/login.aspx
bb-admin/login.brf
bb-admin/login.cfm
bb-admin/login.cgi
bb-admin/login.html
bb-admin/login.js
bb-admin/login.php
controlpanel.asp
controlpanel.aspx
controlpanel.brf
controlpanel.cfm
controlpanel.cgi
controlpanel.html
controlpanel.js
controlpanel.php
cp.asp
cp.aspx
cp.brf
cp.cfm
cp.cgi
cp.html
cp.js
cp.php
home.asp
home.aspx
home.brf
home.cfm
home.cgi
home.html
home.js
home.php
instadmin/
login.asp
login.aspx
login.brf
login.cfm
login.cgi
login.html
login.js
login.php
memberadmin/
memberadmin.asp
memberadmin.aspx
memberadmin.brf
memberadmin.cfm
memberadmin.cgi
memberadmin.js
memberadmin.php
modelsearch/admin.asp
modelsearch/admin.aspx
modelsearch/admin.brf
modelsearch/admin.cfm
modelsearch/admin.cgi
modelsearch/admin.html
modelsearch/admin.js
modelsearch/admin.php
modelsearch/index.asp
modelsearch/index.aspx
modelsearch/index.brf
modelsearch/index.cfm
modelsearch/index.cgi
modelsearch/index.html
modelsearch/index.js
modelsearch/index.php
modelsearch/login.asp
modelsearch/login.aspx
modelsearch/login.brf
modelsearch/login.cfm
modelsearch/login.cgi
modelsearch/login.html
modelsearch/login.js
modelsearch/login.php
moderator/
moderator/admin.asp
moderator/admin.aspx
moderator/admin.brf
moderator/admin.cfm
moderator/admin.cgi
moderator/admin.html
moderator/admin.js
moderator/admin.php
moderator.asp
moderator.aspx
moderator.brf
moderator.cfm
moderator.cgi
moderator.html
moderator.js
moderator/login.asp
moderator/login.aspx
moderator/login.brf
moderator/login.cfm
moderator/login.cgi
moderator/login.html
moderator/login.js
moderator/login.php
moderator.php
nsw/admin/login.aspx
nsw/admin/login.brf
nsw/admin/login.cfm
nsw/admin/login.cgi
nsw/admin/login.js
nsw/admin/login.php
pages/admin/admin-login.asp
pages/admin/admin-login.aspx
pages/admin/admin-login.brf
pages/admin/admin-login.cfm
pages/admin/admin-login.cgi
pages/admin/admin-login.html
pages/admin/admin-login.js
pages/admin/admin-login.php
panel-administracion/
panel-administracion/admin.asp
panel-administracion/admin.aspx
panel-administracion/admin.brf
panel-administracion/admin.cfm
panel-administracion/admin.cgi
panel-administracion/admin.html
panel-administracion/admin.js
panel-administracion/admin.php
panel-administracion/index.asp
panel-administracion/index.aspx
panel-administracion/index.brf
panel-administracion/index.cfm
panel-administracion/index.cgi
panel-administracion/index.html
panel-administracion/index.js
panel-administracion/index.php
panel-administracion/login.asp
panel-administracion/login.aspx
panel-administracion/login.brf
panel-administracion/login.cfm
panel-administracion/login.cgi
panel-administracion/login.html
panel-administracion/login.js
panel-administracion/login.php
rcjakar/admin/login.aspx
rcjakar/admin/login.brf
rcjakar/admin/login.cfm
rcjakar/admin/login.cgi
rcjakar/admin/login.js
rcjakar/admin/login.php
siteadmin/index.asp
siteadmin/index.aspx
siteadmin/index.brf
siteadmin/index.cfm
siteadmin/index.cgi
siteadmin/index.js
siteadmin/index.php
siteadmin/login.asp
siteadmin/login.aspx
siteadmin/login.brf
siteadmin/login.cfm
siteadmin/login.cgi
siteadmin/login.html
siteadmin/login.js
siteadmin/login.php
user.asp
user.aspx
user.brf
user.cfm
user.cgi
user.html
user.js
user.php
usuario/
usuarios/
usuarios/login.aspx
usuarios/login.brf
usuarios/login.cfm
usuarios/login.cgi
usuarios/login.js
usuarios/login.php
webadmin/
webadmin/admin.asp
webadmin/admin.aspx
webadmin/admin.brf
webadmin/admin.cfm
webadmin/admin.cgi
webadmin/admin.html
webadmin/admin.js
webadmin/admin.php
webadmin.asp
webadmin.aspx
webadmin.brf
webadmin.cfm
webadmin.cgi
webadmin.html
webadmin/index.asp
webadmin/index.aspx
webadmin/index.brf
webadmin/index.cfm
webadmin/index.cgi
webadmin/index.html
webadmin/index.js
webadmin/index.php
webadmin.js
webadmin/login.asp
webadmin/login.aspx
webadmin/login.brfbrf
webadmin/login.cfm
webadmin/login.cgi
webadmin/login.html
webadmin/login.js
webadmin/login.php
webadmin.php
wp-login.aspx
wp-login.brf
wp-login.cfm
wp-login.cgi
wp-login.js
wp-login.php
