acceso.asp
account.asp
account.html
adm/
adm/admloginuser.asp
adm.asp
adm_auth.asp
adm.html
admin/
admin1/
admin2/
admin2.asp
admin2/index.asp
admin2/login.asp
admin3/
admin4/
admin5/
admin/account.asp
admin/account.html
admin/admin.asp
admin/admin.html
admin/admin_login.asp
admin/admin-login.asp
admin/adminLogin.asp
admin/admin_login.html
admin/admin-login.html
admin/adminLogin.html
admin_area/
adminarea/
admin_area/admin.asp
adminarea/admin.asp
admin_area/admin.html
adminarea/admin.html
admin_area/index.asp
adminarea/index.asp
admin_area/index.html
adminarea/index.html
admin_area/login.asp
adminarea/login.asp
admin_area/login.html
adminarea/login.html
admin.asp
admincontrol.asp
admincontrol.html
admincontrol/login.asp
admincontrol/login.html
admin/controlpanel.asp
admin/controlpanel.html
admin/cp.asp
admin/cp.html
admincp/index.asp
admincp/index.html
admincp/login.asp
adm/index.asp
adm/index.html
admin/home.asp
admin/home.html
admin.html
admin/index.asp
admin/index.html
administrator/
administrator/account.asp
administrator/account.html
administrator.asp
administrator.html
administrator/index.asp
administrator/index.html
administratorlogin/
administrator/login.asp
administratorlogin.asp
administrator/login.html
adminLogin/
admin_login.asp
admin-login.asp
admin/login.asp
adminLogin.asp
admin_login.html
admin-login.html
admin/login.html
adminLogin.html
adminpanel.asp
adminpanel.html
admloginuser.asp
affiliate.asp
bb-admin/
bb-admin/admin.asp
bb-admin/admin.html
bb-admin/index.asp
bb-admin/index.html
bb-admin/login.asp
bb-admin/login.html
controlpanel.asp
controlpanel.html
cp.asp
cp.html
home.asp
home.html
instadmin/
login.asp
login.html
memberadmin/
memberadmin.asp
modelsearch/admin.asp
modelsearch/admin.html
modelsearch/index.asp
modelsearch/index.html
modelsearch/login.asp
modelsearch/login.html
moderator/
moderator/admin.asp
moderator/admin.html
moderator.asp
moderator.html
moderator/login.asp
moderator/login.html
pages/admin/admin-login.asp
pages/admin/admin-login.html
panel-administracion/
panel-administracion/admin.asp
panel-administracion/admin.html
panel-administracion/index.asp
panel-administracion/index.html
panel-administracion/login.asp
panel-administracion/login.html
siteadmin/index.asp
siteadmin/login.asp
siteadmin/login.html
user.asp
user.html
usuario/
usuarios/
webadmin/
webadmin/admin.asp
webadmin/admin.html
webadmin.asp
webadmin.html
webadmin/index.asp
webadmin/index.html
webadmin/login.asp
webadmin/login.html
