acceso.aspx
account.aspx
account.html
adm/
adm/admloginuser.aspx
adm.aspx
adm_auth.aspx
adm.html
admin/
admin1/
admin2/
admin2.aspx
admin2/index.aspx
admin2/login.aspx
admin3/
admin4/
admin5/
admin/account.aspx
admin/account.html
admin/admin.aspx
admin/admin.html
admin/admin_login.aspx
admin/admin-login.aspx
admin/adminLogin.aspx
admin/admin_login.html
admin/admin-login.html
admin/adminLogin.html
admin_area/
adminarea/
admin_area/admin.aspx
adminarea/admin.aspx
admin_area/admin.html
adminarea/admin.html
admin_area/index.aspx
adminarea/index.aspx
admin_area/index.html
adminarea/index.html
admin_area/login.aspx
adminarea/login.aspx
admin_area/login.html
adminarea/login.html
admin.aspx
admincontrol.aspx
admincontrol.html
admincontrol/login.aspx
admincontrol/login.html
admin/controlpanel.aspx
admin/controlpanel.html
admin/cp.aspx
admin/cp.html
admincp/index.asp
admincp/index.html
admincp/login.asp
adm/index.aspx
adm/index.html
admin/home.aspx
admin/home.html
admin.html
admin/index.aspx
admin/index.html
administrator/
administrator/account.aspx
administrator/account.html
administrator.aspx
administrator.html
administrator/index.aspx
administrator/index.html
administratorlogin/
administrator/login.aspx
administratorlogin.aspx
administrator/login.html
adminLogin/
admin_login.aspx
admin-login.aspx
admin/login.aspx
adminLogin.aspx
admin_login.html
admin-login.html
admin/login.html
adminLogin.html
adminpanel.aspx
adminpanel.html
admloginuser.aspx
affiliate.aspx
bank/login.aspx
bb-admin/
bb-admin/admin.aspx
bb-admin/admin.html
bb-admin/index.aspx
bb-admin/index.html
bb-admin/login.aspx
bb-admin/login.html
controlpanel.aspx
controlpanel.html
cp.aspx
cp.html
home.aspx
home.html
instadmin/
login.aspx
login.html
memberadmin/
memberadmin.aspx
modelsearch/admin.aspx
modelsearch/admin.html
modelsearch/index.aspx
modelsearch/index.html
modelsearch/login.aspx
modelsearch/login.html
moderator/
moderator/admin.aspx
moderator/admin.html
moderator.aspx
moderator.html
moderator/login.aspx
moderator/login.html
nsw/admin/login.aspx
pages/admin/admin-login.aspx
pages/admin/admin-login.html
panel-administracion/
panel-administracion/admin.aspx
panel-administracion/admin.html
panel-administracion/index.aspx
panel-administracion/index.html
panel-administracion/login.aspx
panel-administracion/login.html
rcjakar/admin/login.aspx
siteadmin/index.aspx
siteadmin/login.aspx
siteadmin/login.html
user.aspx
user.html
usuario/
usuarios/
usuarios/login.aspx
webadmin/
webadmin/admin.aspx
webadmin/admin.html
webadmin.aspx
webadmin.html
webadmin/index.aspx
webadmin/index.html
webadmin/login.aspx
webadmin/login.html
wp-login.aspx
