admin/
administrator/
admin1/
admin2/
admin3/
admin4/
admin5/
usuarios/
usuario/
administrator/
moderator/
webadmin/
adminarea/
bb-admin/
adminLogin/
admin_area/
panel-administracion/
instadmin/
memberadmin/
administratorlogin/
adm/
admin/account.aspx
admin/index.aspx
admin/login.aspx
admin/admin.aspx
admin/account.aspx
admin_area/admin.aspx
admin_area/login.aspx
siteadmin/login.aspx
siteadmin/index.aspx
siteadmin/login.html
admin/account.html
admin/index.html
admin/login.html
admin/admin.html
admin_area/index.aspx
bb-admin/index.aspx
bb-admin/login.aspx
bb-admin/admin.aspx
admin/home.aspx
admin_area/login.html
admin_area/index.html
admin/controlpanel.aspx
admin.aspx
admincp/index.asp
admincp/login.asp
admincp/index.html
admin/account.html
adminpanel.html
webadmin.html
webadmin/index.html
webadmin/admin.html
webadmin/login.html
admin/admin_login.html
admin_login.html
panel-administracion/login.html
admin/cp.aspx
cp.aspx
administrator/index.aspx
administrator/login.aspx
nsw/admin/login.aspx
webadmin/login.aspx
admin/admin_login.aspx
admin_login.aspx
administrator/account.aspx
administrator.aspx
admin_area/admin.html
pages/admin/admin-login.aspx
admin/admin-login.aspx
admin-login.aspx
bb-admin/index.html
bb-admin/login.html
bb-admin/admin.html
admin/home.html
login.aspx
modelsearch/login.aspx
moderator.aspx
moderator/login.aspx
moderator/admin.aspx
acceso.aspx
account.aspx
pages/admin/admin-login.html
admin/admin-login.html
admin-login.html
controlpanel.aspx
admincontrol.aspx
admin/adminLogin.html
adminLogin.html
admin/adminLogin.html
home.html
rcjakar/admin/login.aspx
adminarea/index.html
adminarea/admin.html
webadmin.aspx
webadmin/index.aspx
webadmin/admin.aspx
admin/controlpanel.html
admin.html
admin/cp.html
cp.html
adminpanel.aspx
moderator.html
administrator/index.html
administrator/login.html
user.html
administrator/account.html
administrator.html
login.html
modelsearch/login.html
moderator/login.html
adminarea/login.html
panel-administracion/index.html
panel-administracion/admin.html
modelsearch/index.html
modelsearch/admin.html
admincontrol/login.html
adm/index.html
adm.html
moderator/admin.html
user.aspx
account.html
controlpanel.html
admincontrol.html
panel-administracion/login.aspx
wp-login.aspx
adminLogin.aspx
admin/adminLogin.aspx
home.aspx
admin.aspx
adminarea/index.aspx
adminarea/admin.aspx
adminarea/login.aspx
panel-administracion/index.aspx
panel-administracion/admin.aspx
modelsearch/index.aspx
modelsearch/admin.aspx
admincontrol/login.aspx
adm/admloginuser.aspx
admloginuser.aspx
admin2.aspx
admin2/login.aspx
admin2/index.aspx
usuarios/login.aspx
adm/index.aspx
adm.aspx
affiliate.aspx
adm_auth.aspx
memberadmin.aspx
administratorlogin.aspx
