acceso.brf
account.brf
account.html
adm/
adm/admloginuser.brf
adm_auth.brf
adm.brf
adm.html
admin/
admin1/
admin2/
admin2.brf
admin2/index.brf
admin2/login.brf
admin3/
admin4/
admin5/
admin/account.brf
admin/account.html
admin/admin.brf
admin/admin.html
admin/admin_login.brf
admin/admin-login.brf
admin/adminLogin.brf
admin/admin_login.html
admin/admin-login.html
admin/adminLogin.html
admin_area/
adminarea/
admin_area/admin.brf
adminarea/admin.brf
admin_area/admin.html
adminarea/admin.html
admin_area/index.brf
adminarea/index.brf
admin_area/index.html
adminarea/index.html
admin_area/login.brf
adminarea/login.brf
admin_area/login.html
adminarea/login.html
admin.brf
admincontrol.brf
admincontrol.html
admincontrol/login.brf
admincontrol/login.html
admin/controlpanel.brf
admin/controlpanel.html
admin/cp.brf
admin/cp.html
admincp/index.asp
admincp/index.html
admincp/login.asp
adm/index.brf
adm/index.html
admin/home.brf
admin/home.html
admin.html
admin/index.brf
admin/index.html
administrator/
administrator/account.brf
administrator/account.html
administrator.brf
administrator.html
administrator/index.brf
administrator/index.html
administratorlogin/
administrator/login.brf
administratorlogin.brf
administrator/login.html
adminLogin/
admin_login.brf
admin-login.brf
admin/login.brf
adminLogin.brf
admin_login.html
admin-login.html
admin/login.html
adminLogin.html
adminpanel.brf
adminpanel.html
admloginuser.brf
affiliate.brf
bb-admin/
bb-admin/admin.brf
bb-admin/admin.html
bb-admin/index.brf
bb-admin/index.html
bb-admin/login.brf
bb-admin/login.html
controlpanel.brf
controlpanel.html
cp.brf
cp.html
home.brf
home.html
instadmin/
login.brf
login.html
memberadmin/
memberadmin.brf
modelsearch/admin.brf
modelsearch/admin.html
modelsearch/index.brf
modelsearch/index.html
modelsearch/login.brf
modelsearch/login.html
moderator/
moderator/admin.brf
moderator/admin.html
moderator.brf
moderator.html
moderator/login.brf
moderator/login.html
nsw/admin/login.brf
pages/admin/admin-login.brf
pages/admin/admin-login.html
panel-administracion/
panel-administracion/admin.brf
panel-administracion/admin.html
panel-administracion/index.brf
panel-administracion/index.html
panel-administracion/login.brf
panel-administracion/login.html
rcjakar/admin/login.brf
siteadmin/index.brf
siteadmin/login.brf
siteadmin/login.html
user.brf
user.html
usuario/
usuarios/
usuarios/login.brf
webadmin/
webadmin/admin.brf
webadmin/admin.html
webadmin.brf
webadmin.html
webadmin/index.brf
webadmin/index.html
webadmin/login.brfbrf
webadmin/login.html
wp-login.brf
