admin/
administrator/
admin1/
admin2/
admin3/
admin4/
admin5/
usuarios/
usuario/
administrator/
moderator/
webadmin/
adminarea/
bb-admin/
adminLogin/
admin_area/
panel-administracion/
instadmin/
memberadmin/
administratorlogin/
adm/
admin/account.brf
admin/index.brf
admin/login.brf
admin/admin.brf
admin/account.brf
admin_area/admin.brf
admin_area/login.brf
siteadmin/login.brf
siteadmin/index.brf
siteadmin/login.html
admin/account.html
admin/index.html
admin/login.html
admin/admin.html
admin_area/index.brf
bb-admin/index.brf
bb-admin/login.brf
bb-admin/admin.brf
admin/home.brf
admin_area/login.html
admin_area/index.html
admin/controlpanel.brf
admin.brf
admincp/index.asp
admincp/login.asp
admincp/index.html
admin/account.html
adminpanel.html
webadmin.html
webadmin/index.html
webadmin/admin.html
webadmin/login.html
admin/admin_login.html
admin_login.html
panel-administracion/login.html
admin/cp.brf
cp.brf
administrator/index.brf
administrator/login.brf
nsw/admin/login.brf
webadmin/login.brfbrf
admin/admin_login.brf
admin_login.brf
administrator/account.brf
administrator.brf
acceso.brf
admin_area/admin.html
pages/admin/admin-login.brf
admin/admin-login.brf
admin-login.brf
bb-admin/index.html
bb-admin/login.html
bb-admin/admin.html
admin/home.html
login.brf
modelsearch/login.brf
moderator.brf
moderator/login.brf
moderator/admin.brf
account.brf
pages/admin/admin-login.html
admin/admin-login.html
admin-login.html
controlpanel.brf
admincontrol.brf
admin/adminLogin.html
adminLogin.html
admin/adminLogin.html
home.html
rcjakar/admin/login.brf
adminarea/index.html
adminarea/admin.html
webadmin.brf
webadmin/index.brf
webadmin/admin.brf
admin/controlpanel.html
admin.html
admin/cp.html
cp.html
adminpanel.brf
moderator.html
administrator/index.html
administrator/login.html
user.html
administrator/account.html
administrator.html
login.html
modelsearch/login.html
moderator/login.html
adminarea/login.html
panel-administracion/index.html
panel-administracion/admin.html
modelsearch/index.html
modelsearch/admin.html
admincontrol/login.html
adm/index.html
adm.html
moderator/admin.html
user.brf
account.html
controlpanel.html
admincontrol.html
panel-administracion/login.brf
wp-login.brf
adminLogin.brf
admin/adminLogin.brf
home.brf
admin.brf
adminarea/index.brf
adminarea/admin.brf
adminarea/login.brf
panel-administracion/index.brf
panel-administracion/admin.brf
modelsearch/index.brf
modelsearch/admin.brf
admincontrol/login.brf
adm/admloginuser.brf
admloginuser.brf
admin2.brf
admin2/login.brf
admin2/index.brf
usuarios/login.brf
adm/index.brf
adm.brf
affiliate.brf
adm_auth.brf
memberadmin.brf
administratorlogin.brf
