acceso.cfm
account.cfm
account.html
adm/
adm/admloginuser.cfm
adm_auth.cfm
adm.cfm
adm.html
admin/
admin1/
admin2/
admin2.cfm
admin2/index.cfm
admin2/login.cfm
admin3/
admin4/
admin5/
admin/account.cfm
admin/account.html
admin/admin.cfm
admin/admin.html
admin/admin_login.cfm
admin/admin-login.cfm
admin/adminLogin.cfm
admin/admin_login.html
admin/admin-login.html
admin/adminLogin.html
admin_area/
adminarea/
admin_area/admin.cfm
adminarea/admin.cfm
admin_area/admin.html
adminarea/admin.html
admin_area/index.cfm
adminarea/index.cfm
admin_area/index.html
adminarea/index.html
admin_area/login.cfm
adminarea/login.cfm
admin_area/login.html
adminarea/login.html
admin.cfm
admincontrol.cfm
admincontrol.html
admincontrol/login.cfm
admincontrol/login.html
admin/controlpanel.cfm
admin/controlpanel.html
admin/cp.cfm
admin/cp.html
admincp/index.asp
admincp/index.html
admincp/login.asp
adm/index.cfm
adm/index.html
admin/home.cfm
admin/home.html
admin.html
admin/index.cfm
admin/index.html
administrator/
administrator/account.cfm
administrator/account.html
administrator.cfm
administrator.html
administrator/index.cfm
administrator/index.html
administratorlogin/
administrator/login.cfm
administratorlogin.cfm
administrator/login.html
adminLogin/
admin_login.cfm
admin-login.cfm
admin/login.cfm
adminLogin.cfm
admin_login.html
admin-login.html
admin/login.html
adminLogin.html
adminpanel.cfm
adminpanel.html
admloginuser.cfm
affiliate.cfm
bb-admin/
bb-admin/admin.cfm
bb-admin/admin.html
bb-admin/index.cfm
bb-admin/index.html
bb-admin/login.cfm
bb-admin/login.html
controlpanel.cfm
controlpanel.html
cp.cfm
cp.html
home.cfm
home.html
instadmin/
login.cfm
login.html
memberadmin/
memberadmin.cfm
modelsearch/admin.cfm
modelsearch/admin.html
modelsearch/index.cfm
modelsearch/index.html
modelsearch/login.cfm
modelsearch/login.html
moderator/
moderator/admin.cfm
moderator/admin.html
moderator.cfm
moderator.html
moderator/login.cfm
moderator/login.html
nsw/admin/login.cfm
pages/admin/admin-login.cfm
pages/admin/admin-login.html
panel-administracion/
panel-administracion/admin.cfm
panel-administracion/admin.html
panel-administracion/index.cfm
panel-administracion/index.html
panel-administracion/login.cfm
panel-administracion/login.html
rcjakar/admin/login.cfm
siteadmin/index.cfm
siteadmin/login.cfm
siteadmin/login.html
user.cfm
user.html
usuario/
usuarios/
usuarios/login.cfm
webadmin/
webadmin/admin.cfm
webadmin/admin.html
webadmin.cfm
webadmin.html
webadmin/index.cfm
webadmin/index.html
webadmin/login.cfm
webadmin/login.html
wp-login.cfm
