admin/
administrator/
admin1/
admin2/
admin3/
admin4/
admin5/
usuarios/
usuario/
administrator/
moderator/
webadmin/
adminarea/
bb-admin/
adminLogin/
admin_area/
panel-administracion/
instadmin/
memberadmin/
administratorlogin/
adm/
admin/account.cfm
admin/index.cfm
admin/login.cfm
admin/admin.cfm
admin/account.cfm
admin_area/admin.cfm
admin_area/login.cfm
siteadmin/login.cfm
siteadmin/index.cfm
siteadmin/login.html
admin/account.html
admin/index.html
admin/login.html
admin/admin.html
admin_area/index.cfm
bb-admin/index.cfm
bb-admin/login.cfm
bb-admin/admin.cfm
admin/home.cfm
admin_area/login.html
admin_area/index.html
admin/controlpanel.cfm
admin.cfm
admincp/index.asp
admincp/login.asp
admincp/index.html
admin/account.html
adminpanel.html
webadmin.html
webadmin/index.html
webadmin/admin.html
webadmin/login.html
admin/admin_login.html
admin_login.html
panel-administracion/login.html
admin/cp.cfm
cp.cfm
administrator/index.cfm
administrator/login.cfm
nsw/admin/login.cfm
webadmin/login.cfm
admin/admin_login.cfm
admin_login.cfm
administrator/account.cfm
administrator.cfm
admin_area/admin.html
pages/admin/admin-login.cfm
admin/admin-login.cfm
admin-login.cfm
bb-admin/index.html
bb-admin/login.html
bb-admin/admin.html
admin/home.html
login.cfm
modelsearch/login.cfm
moderator.cfm
moderator/login.cfm
moderator/admin.cfm
account.cfm
pages/admin/admin-login.html
admin/admin-login.html
admin-login.html
controlpanel.cfm
admincontrol.cfm
admin/adminLogin.html
acceso.cfm
adminLogin.html
admin/adminLogin.html
home.html
rcjakar/admin/login.cfm
adminarea/index.html
adminarea/admin.html
webadmin.cfm
webadmin/index.cfm
webadmin/admin.cfm
admin/controlpanel.html
admin.html
admin/cp.html
cp.html
adminpanel.cfm
moderator.html
administrator/index.html
administrator/login.html
user.html
administrator/account.html
administrator.html
login.html
modelsearch/login.html
moderator/login.html
adminarea/login.html
panel-administracion/index.html
panel-administracion/admin.html
modelsearch/index.html
modelsearch/admin.html
admincontrol/login.html
adm/index.html
adm.html
moderator/admin.html
user.cfm
account.html
controlpanel.html
admincontrol.html
panel-administracion/login.cfm
wp-login.cfm
adminLogin.cfm
admin/adminLogin.cfm
home.cfm
admin.cfm
adminarea/index.cfm
adminarea/admin.cfm
adminarea/login.cfm
panel-administracion/index.cfm
panel-administracion/admin.cfm
modelsearch/index.cfm
modelsearch/admin.cfm
admincontrol/login.cfm
adm/admloginuser.cfm
admloginuser.cfm
admin2.cfm
admin2/login.cfm
admin2/index.cfm
usuarios/login.cfm
adm/index.cfm
adm.cfm
affiliate.cfm
adm_auth.cfm
memberadmin.cfm
administratorlogin.cfm
