acceso.cgi
account.cgi
account.html
adm/
adm/admloginuser.cgi
adm_auth.cgi
adm.cgi
adm.html
admin/
admin1/
admin2/
admin2.cgi
admin2/index.cgi
admin2/login.cgi
admin3/
admin4/
admin5/
admin/account.cgi
admin/account.html
admin/admin.cgi
admin/admin.html
admin/admin_login.cgi
admin/admin-login.cgi
admin/adminLogin.cgi
admin/admin_login.html
admin/admin-login.html
admin/adminLogin.html
admin_area/
adminarea/
admin_area/admin.cgi
adminarea/admin.cgi
admin_area/admin.html
adminarea/admin.html
admin_area/index.cgi
adminarea/index.cgi
admin_area/index.html
adminarea/index.html
admin_area/login.cgi
adminarea/login.cgi
admin_area/login.html
adminarea/login.html
admin.cgi
admincontrol.cgi
admincontrol.html
admincontrol/login.cgi
admincontrol/login.html
admin/controlpanel.cgi
admin/controlpanel.html
admin/cp.cgi
admin/cp.html
admincp/index.asp
admincp/index.html
admincp/login.asp
adm/index.cgi
adm/index.html
admin/home.cgi
admin/home.html
admin.html
admin/index.cgi
admin/index.html
administrator/
administrator/account.cgi
administrator/account.html
administrator.cgi
administrator.html
administrator/index.cgi
administrator/index.html
administratorlogin/
administrator/login.cgi
administratorlogin.cgi
administrator/login.html
adminLogin/
admin_login.cgi
admin-login.cgi
admin/login.cgi
adminLogin.cgi
admin_login.html
admin-login.html
admin/login.html
adminLogin.html
adminpanel.cgi
adminpanel.html
admloginuser.cgi
affiliate.cgi
bb-admin/
bb-admin/admin.cgi
bb-admin/admin.html
bb-admin/index.cgi
bb-admin/index.html
bb-admin/login.cgi
bb-admin/login.html
controlpanel.cgi
controlpanel.html
cp.cgi
cp.html
home.cgi
home.html
instadmin/
login.cgi
login.html
memberadmin/
memberadmin.cgi
modelsearch/admin.cgi
modelsearch/admin.html
modelsearch/index.cgi
modelsearch/index.html
modelsearch/login.cgi
modelsearch/login.html
moderator/
moderator/admin.cgi
moderator/admin.html
moderator.cgi
moderator.html
moderator/login.cgi
moderator/login.html
nsw/admin/login.cgi
pages/admin/admin-login.cgi
pages/admin/admin-login.html
panel-administracion/
panel-administracion/admin.cgi
panel-administracion/admin.html
panel-administracion/index.cgi
panel-administracion/index.html
panel-administracion/login.cgi
panel-administracion/login.html
rcjakar/admin/login.cgi
siteadmin/index.cgi
siteadmin/login.cgi
siteadmin/login.html
user.cgi
user.html
usuario/
usuarios/
usuarios/login.cgi
webadmin/
webadmin/admin.cgi
webadmin/admin.html
webadmin.cgi
webadmin.html
webadmin/index.cgi
webadmin/index.html
webadmin/login.cgi
webadmin/login.html
wp-login.cgi
