admin/
administrator/
admin1/
admin2/
admin3/
admin4/
admin5/
usuarios/
usuario/
administrator/
moderator/
webadmin/
adminarea/
bb-admin/
adminLogin/
admin_area/
panel-administracion/
instadmin/
memberadmin/
administratorlogin/
adm/
admin/account.cgi
admin/index.cgi
admin/login.cgi
admin/admin.cgi
admin/account.cgi
admin_area/admin.cgi
admin_area/login.cgi
siteadmin/login.cgi
siteadmin/index.cgi
siteadmin/login.html
admin/account.html
admin/index.html
admin/login.html
admin/admin.html
admin_area/index.cgi
bb-admin/index.cgi
bb-admin/login.cgi
bb-admin/admin.cgi
admin/home.cgi
admin_area/login.html
admin_area/index.html
admin/controlpanel.cgi
admin.cgi
admincp/index.asp
admincp/login.asp
admincp/index.html
admin/account.html
adminpanel.html
webadmin.html
webadmin/index.html
webadmin/admin.html
webadmin/login.html
admin/admin_login.html
admin_login.html
panel-administracion/login.html
admin/cp.cgi
cp.cgi
administrator/index.cgi
administrator/login.cgi
nsw/admin/login.cgi
webadmin/login.cgi
admin/admin_login.cgi
admin_login.cgi
administrator/account.cgi
administrator.cgi
admin_area/admin.html
pages/admin/admin-login.cgi
admin/admin-login.cgi
admin-login.cgi
bb-admin/index.html
bb-admin/login.html
bb-admin/admin.html
admin/home.html
login.cgi
modelsearch/login.cgi
moderator.cgi
moderator/login.cgi
moderator/admin.cgi
account.cgi
pages/admin/admin-login.html
admin/admin-login.html
admin-login.html
controlpanel.cgi
admincontrol.cgi
admin/adminLogin.html
adminLogin.html
admin/adminLogin.html
home.html
rcjakar/admin/login.cgi
adminarea/index.html
adminarea/admin.html
webadmin.cgi
webadmin/index.cgi
acceso.cgi
webadmin/admin.cgi
admin/controlpanel.html
admin.html
admin/cp.html
cp.html
adminpanel.cgi
moderator.html
administrator/index.html
administrator/login.html
user.html
administrator/account.html
administrator.html
login.html
modelsearch/login.html
moderator/login.html
adminarea/login.html
panel-administracion/index.html
panel-administracion/admin.html
modelsearch/index.html
modelsearch/admin.html
admincontrol/login.html
adm/index.html
adm.html
moderator/admin.html
user.cgi
account.html
controlpanel.html
admincontrol.html
panel-administracion/login.cgi
wp-login.cgi
adminLogin.cgi
admin/adminLogin.cgi
home.cgi
admin.cgi
adminarea/index.cgi
adminarea/admin.cgi
adminarea/login.cgi
panel-administracion/index.cgi
panel-administracion/admin.cgi
modelsearch/index.cgi
modelsearch/admin.cgi
admincontrol/login.cgi
adm/admloginuser.cgi
admloginuser.cgi
admin2.cgi
admin2/login.cgi
admin2/index.cgi
usuarios/login.cgi
adm/index.cgi
adm.cgi
affiliate.cgi
adm_auth.cgi
memberadmin.cgi
administratorlogin.cgi
