acceso.js
account.html
account.js
adm/
adm/admloginuser.js
adm_auth.js
adm.html
admin/
admin1/
admin2/
admin2/index.js
admin2.js
admin2/login.js
admin3/
admin4/
admin5/
admin/account.html
admin/account.js
admin/admin.html
admin/admin.js
admin/admin_login.html
admin/admin-login.html
admin/adminLogin.html
admin/admin_login.js
admin/admin-login.js
admin/adminLogin.js
admin_area/
adminarea/
admin_area/admin.html
adminarea/admin.html
admin_area/admin.js
adminarea/admin.js
admin_area/index.html
adminarea/index.html
admin_area/index.js
adminarea/index.js
admin_area/login.html
adminarea/login.html
admin_area/login.js
adminarea/login.js
admincontrol.html
admincontrol.js
admincontrol/login.html
admincontrol/login.js
admin/controlpanel.html
admin/controlpanel.js
admin/cp.html
admincp/index.asp
admincp/index.html
admin/cp.js
admincp/login.asp
adm/index.html
adm/index.js
admin/home.html
admin/home.js
admin.html
admin/index.html
admin/index.js
administrator/
administrator/account.html
administrator/account.js
administrator.html
administrator/index.html
administrator/index.js
administrator.js
administratorlogin/
administrator/login.html
administrator/login.js
administratorlogin.js
admin.js
adminLogin/
admin_login.html
admin-login.html
admin/login.html
adminLogin.html
admin_login.js
admin-login.js
admin/login.js
adminLogin.js
adminpanel.html
adminpanel.js
adm.js
admloginuser.js
affiliate.js
bb-admin/
bb-admin/admin.html
bb-admin/admin.js
bb-admin/index.html
bb-admin/index.js
bb-admin/login.html
bb-admin/login.js
controlpanel.html
controlpanel.js
cp.html
cp.js
home.html
home.js
instadmin/
login.html
login.js
memberadmin/
memberadmin.js
modelsearch/admin.html
modelsearch/admin.js
modelsearch/index.html
modelsearch/index.js
modelsearch/login.html
modelsearch/login.js
moderator/
moderator/admin.html
moderator/admin.js
moderator.html
moderator.js
moderator/login.html
moderator/login.js
nsw/admin/login.js
pages/admin/admin-login.html
pages/admin/admin-login.js
panel-administracion/
panel-administracion/admin.html
panel-administracion/admin.js
panel-administracion/index.html
panel-administracion/index.js
panel-administracion/login.html
panel-administracion/login.js
rcjakar/admin/login.js
siteadmin/index.js
siteadmin/login.html
siteadmin/login.js
user.html
user.js
usuario/
usuarios/
usuarios/login.js
webadmin/
webadmin/admin.html
webadmin/admin.js
webadmin.html
webadmin/index.html
webadmin/index.js
webadmin.js
webadmin/login.html
webadmin/login.js
wp-login.js
