admin/
administrator/
admin1/
admin2/
admin3/
admin4/
admin5/
usuarios/
usuario/
administrator/
moderator/
webadmin/
adminarea/
bb-admin/
adminLogin/
admin_area/
panel-administracion/
instadmin/
memberadmin/
administratorlogin/
adm/
admin/account.js
admin/index.js
admin/login.js
admin/admin.js
admin/account.js
admin_area/admin.js
admin_area/login.js
siteadmin/login.js
siteadmin/index.js
siteadmin/login.html
admin/account.html
admin/index.html
admin/login.html
admin/admin.html
admin_area/index.js
bb-admin/index.js
bb-admin/login.js
bb-admin/admin.js
admin/home.js
admin_area/login.html
admin_area/index.html
admin/controlpanel.js
admin.js
admincp/index.asp
admincp/login.asp
admincp/index.html
admin/account.html
adminpanel.html
webadmin.html
webadmin/index.html
webadmin/admin.html
webadmin/login.html
admin/admin_login.html
admin_login.html
panel-administracion/login.html
admin/cp.js
cp.js
administrator/index.js
administrator/login.js
nsw/admin/login.js
webadmin/login.js
admin/admin_login.js
admin_login.js
administrator/account.js
administrator.js
admin_area/admin.html
pages/admin/admin-login.js
admin/admin-login.js
admin-login.js
bb-admin/index.html
bb-admin/login.html
bb-admin/admin.html
admin/home.html
login.js
modelsearch/login.js
moderator.js
moderator/login.js
moderator/admin.js
account.js
pages/admin/admin-login.html
admin/admin-login.html
admin-login.html
controlpanel.js
admincontrol.js
admin/adminLogin.html
adminLogin.html
admin/adminLogin.html
home.html
rcjakar/admin/login.js
adminarea/index.html
adminarea/admin.html
webadmin.js
webadmin/index.js
acceso.js
webadmin/admin.js
admin/controlpanel.html
admin.html
admin/cp.html
cp.html
adminpanel.js
moderator.html
administrator/index.html
administrator/login.html
user.html
administrator/account.html
administrator.html
login.html
modelsearch/login.html
moderator/login.html
adminarea/login.html
panel-administracion/index.html
panel-administracion/admin.html
modelsearch/index.html
modelsearch/admin.html
admincontrol/login.html
adm/index.html
adm.html
moderator/admin.html
user.js
account.html
controlpanel.html
admincontrol.html
panel-administracion/login.js
wp-login.js
adminLogin.js
admin/adminLogin.js
home.js
admin.js
adminarea/index.js
adminarea/admin.js
adminarea/login.js
panel-administracion/index.js
panel-administracion/admin.js
modelsearch/index.js
modelsearch/admin.js
admincontrol/login.js
adm/admloginuser.js
admloginuser.js
admin2.js
admin2/login.js
admin2/index.js
usuarios/login.js
adm/index.js
adm.js
affiliate.js
adm_auth.js
memberadmin.js
administratorlogin.js
