acceso.jsp
account.html
account.jsp
adm/
adm/admloginuser.jsp
adm_auth.jsp
adm.html
admin/
admin1/
admin2/
admin2/index.jsp
admin2.jsp
admin2/login.jsp
admin3/
admin4/
admin5/
admin/account.html
admin/account.jsp
admin/admin.html
admin/admin.jsp
admin/admin_login.html
admin/admin-login.html
admin/adminLogin.html
admin/admin_login.jsp
admin/admin-login.jsp
admin/adminLogin.jsp
admin_area/
adminarea/
admin_area/admin.html
adminarea/admin.html
admin_area/admin.jsp
adminarea/admin.jsp
admin_area/index.html
adminarea/index.html
admin_area/index.jsp
adminarea/index.jsp
admin_area/login.html
adminarea/login.html
admin_area/login.jsp
adminarea/login.jsp
admincontrol.html
admincontrol.jsp
admincontrol/login.html
admincontrol/login.jsp
admin/controlpanel.html
admin/controlpanel.jsp
admin/cp.html
admincp/index.asp
admincp/index.html
admin/cp.jsp
admincp/login.asp
adm/index.html
adm/index.jsp
admin/home.html
admin/home.jsp
admin.html
admin/index.html
admin/index.jsp
administrator/
administrator/account.html
administrator/account.jsp
administrator.html
administrator/index.html
administrator/index.jsp
administrator.jsp
administratorlogin/
administrator/login.html
administrator/login.jsp
administratorlogin.jsp
admin.jsp
adminLogin/
admin_login.html
admin-login.html
admin/login.html
adminLogin.html
admin_login.jsp
admin-login.jsp
admin/login.jsp
adminLogin.jsp
adminpanel.html
adminpanel.jsp
adm.jsp
admloginuser.jsp
affiliate.jsp
bb-admin/
bb-admin/admin.html
bb-admin/admin.jsp
bb-admin/index.html
bb-admin/index.jsp
bb-admin/login.html
bb-admin/login.jsp
controlpanel.html
controlpanel.jsp
cp.html
cp.jsp
home.html
home.jsp
instadmin/
login.html
login.jsp
memberadmin/
memberadmin.jsp
modelsearch/admin.html
modelsearch/admin.jsp
modelsearch/index.html
modelsearch/index.jsp
modelsearch/login.html
modelsearch/login.jsp
moderator/
moderator/admin.html
moderator/admin.jsp
moderator.html
moderator.jsp
moderator/login.html
moderator/login.jsp
nsw/admin/login.jsp
pages/admin/admin-login.html
pages/admin/admin-login.jsp
panel-administracion/
panel-administracion/admin.html
panel-administracion/admin.jsp
panel-administracion/index.html
panel-administracion/index.jsp
panel-administracion/login.html
panel-administracion/login.jsp
rcjakar/admin/login.jsp
siteadmin/index.jsp
siteadmin/login.html
siteadmin/login.jsp
user.html
user.jsp
usuario/
usuarios/
usuarios/login.jsp
webadmin/
webadmin/admin.html
webadmin/admin.jsp
webadmin.html
webadmin/index.html
webadmin/index.jsp
webadmin.jsp
webadmin/login.html
webadmin/login.jsp
wp-login.jsp
