
1
10
2
3
4
5
6
7
8
9
Admin_files
AdvWebAdmin
Agent
Agents
Album
CS
CVS
DMR
DocuColor
GXApp
HB
HBTemplates
I
IBMWebAS
JBookIt
Msword
NSearch
NetDynamic
NetDynamics
News
PDG_Cart
ROADS
Readme
ScriptLibrary
SilverStream
StoreDB
ToDo
WS_FTP
WebBank
WebCalendar
WebShop
WebTrend
Web_store
XSL
_pages
a
acceso
access
accesswatch
acciones
account
accounting
active
activex
adm
admcgi
admentor
admin
admin-bak
admin-old
admin.back
adminWeb
admin_
administration
administrator
adminuser
adminweb
admisapi
agentes
allow
analog
anthill
apache
app
appl
applets
application
applications
applmgr
apply
apps
appsec
ar
archive
archives
asa
asp
atc
aut
auth
authadmin
author
authors
aw
ayuda
b
b2-include
back
backend
backup
backups
bad
bak
banca
banco
bank
banner
banner01
banners
bar
batch
bb-dnbd
bbv
bdata
bdatos
beta
billpay
bin
binaries
binary
boadmin
boot
bottom
browse
browser
bsd
btauxdir
bug
bugs
bugzilla
buy
buynow
c
cache
cache-stats
cached
caja
card
cards
cart
cash
caspsamp
catalog
cbi-bin
ccard
ccards
cd
cd-cgi
cdrom
ce_html
cert
certificado
certificate
cfappman
cfdocs
cfide
cgi
cgi-auth
cgi-bin
cgi-bin2
cgi-csc
cgi-lib
cgi-local
cgi-scripts
cgi-shl
cgi-shop
cgi-sys
cgi-weddico
cgi-win
cgibin
cgilib
cgis
cgiscripts
cgiwin
class
classes
client
cliente
clientes
clients
cm
cmsample
cobalt-images
code
com
comments
common
communicator
comp
company
compra
compras
compressed
conecta
conf
config
configs
configure
connect
console
contact
contacts
content
controlpanel
core
corp
correo
counter
credit
cron
crons
crypto
csr
css
cuenta
cuentas
currency
cust
custom
customer
customers
cvsweb
cybercash
d
darkportal
dat
data
database
databases
datafiles
dato
datos
db
dbase
dcforum
ddreport
ddrint
debug
debugs
default
delete
demo
demoauct
demomall
demos
demouser
deny
derived
design
dev
devel
development
dir
directories
directory
directorymanager
dl
dm
dms
dms0
dmsdump
doc
doc-html
doc1
docs
docs1
document
documentation
documents
down
download
downloads
dump
durep
e
easylog
eforum
ejemplo
ejemplos
email
emailclass
employees
empoyees
empris
enter
envia
enviamail
error
errors
es
estmt
etc
example
examples
exc
excel
exchange
exe
exec
exit
export
external
extranet
f
failure
fbsd
fcgi
fcgi-bin
features
file
filemanager
files
find
flash
foldoc
foo
foobar
form
form-totaller
forms
formsmgr
forum
forums
foto
fotos
fpadmin
fpclass
fpdb
fpe
fpsample
frames
framesets
frontpage
ftp
ftproot
fun
func
function
functions
g
general
gfx
gif
gifs
global
globals
good
graphics
grocery
guest
guestbook
guests
h
help
helpdesk
hidden
hide
hit_tracker
hitmatic
hlstats
home
host
hosted
hosting
hostingcontroller
ht
htbin
htdocs
htm
html
http
https
hyperstat
ibank
ibill
icons
idea
ideas
iisadmin
iissamples
image
imagenes
imagery
images
img
imp
import
impreso
in
inc
include
includes
incoming
index
inet
inf
info
information
ingresa
ingreso
install
internal
internet
intranet
inventory
invitado
isapi
j
japidoc
java
javascript
javasdk
javatest
jave
jdbc
job
jrun
js
jsa
jscript
jserv
jslib
jsp
junk
k
kiva
known
l
labs
lcgi
lib
libraries
library
libro
license
licenses
links
linux
loader
local
location
locations
log
logfile
logfiles
logg
logger
logging
login
logon
logout
logs
lost+found
m
mail
mail_log_files
mailman
mailroot
makefile
mall_log_files
man
manage
management
manager
manual
map
maps
marketing
mem
mem_bin
member
members
message
messaging
metacart
microsoft
misc
mkstats
mod
module
modules
movimientos
mqseries
ms
msfpe
msql
my
mysql
mysql_admin
n
name
names
ncadmin
nchelp
ncsample
net
netbasic
netcat
netmagstats
netscape
netshare
nettracker
network
new
news
nextgeneration
nl
notes
noticias
o
objects
odbc
old
old_files
oldfiles
oprocmgr-service
oprocmgr-status
oracle
oradata
order
orders
os
out
outgoing
owners
p
page
pages
partner
partners
passport
password
passwords
path
payment
payments
pccsmysqladm
perl
perl5
personal
pforum
phorum
php
phpBB
phpMyAdmin
phpmyadmin
phpPhotoAlbum
phpSecurePages
php_classes
phpclassifieds
phpimageview
phpnuke
phpprojekt
pics
pictures
pike
piranha
pls
plsql
poll
polls
portal
portals
postgres
ppwb
printers
priv
privacy
privado
private
prod
protected
proxy
prueba
pruebas
prv
pub
public
publica
publicar
publico
publish
purchase
purchases
pw
python
q
r
random_banner
rdp
register
registered
registry
remote
remove
report
reports
reseller
restricted
retail
reveal
reviews
robot
robots
root
rsrc
ruby
s
sales
sample
samples
save
script
scripts
search
search-ui
sec
secret
secure
secured
security
sell
server
server-info
server-status
server_stats
servers
serverstats
service
services
servicio
servicios
servlet
servlets
session
setup
share
shared
sharedtemplates
shell-cgi
shipping
shop
shopper
show
site
siteadmin
sitemgr
siteminder
siteminderagent
sites
siteserver
sitestats
siteupdate
smreports
smreportsviewer
soap
soapdocs
software
solaris
source
sql
squid
src
srchadm
ssi
ssl
sslkeys
staff
stat
state
statistic
statistics
stats
stats-bin-p
stats_old
status
storage
store
storemgr
stronghold-info
stronghold-status
stuff
style
styles
stylesheet
stylesheets
subir
sun
super_stats
supplier
suppliers
supply
support
supporter
sys
sysadmin
sysbackup
system
systems
t
tar
target
tarjetas
te_html
tech
technote
temp
template
templates
temporal
test
test-cgi
testing
tests
testweb
themes
ticket
tickets
tip
tips
tmp
tool
tools
top
tpv
trabajo
track
tracking
transfer
transito
transpolar
tree
trees
trick
tricks
u
u02
unix
unknown
updates
upload
uploads
us
usage
user
userdb
users
usr
ustats
usuario
usuarios
util
utils
v
vendor
vfs
vti_bin
vti_bot
vti_log
vti_pvt
vti_shm
vti_txt
w
w-agora
w2000
w2k
w3perl
way-board
web
web-inf
web800fo
webAdmin
webDB
webMathematica
web_usage
webaccess
webadmin
webalizer
webapps
webboard
webcart
webcart-lite
webdata
webdav
webdb
webimages
webimages2
weblog
weblogs
webmaster
webmaster_logs
webpub
webpub-ui
webreports
webreps
webshare
website
webstat
webstats
webtrace
webtrends
win
win2k
window
windows
word
work
world
wsdocs
wstats
wusage
www
www-sql
www0
www2
www3
www4
wwwjoin
wwwlog
wwwrooot
wwwstat
wwwstats
x
xGB
xml
xtemp
y
z
zb41
zip
zipfiles
winnt
secure
protected
cgi-bin
j2ee
j2ee/examples
j2ee/examples/jsp
ojspdemos
pls
pls/sample
pls/sample/admin
pls/sample/admin_
pls/sample/admin_/help
recycler
deleted
tmp
intranet
network
AlbumArt
AlbumArt_
My Shared Folder
fileadmin
webadmin
content.ie5
