# this list is taken from http://code.google.com/p/fuzzdb/ as allowed by its New BSD license
# some entries have been deleted because they caused a lot of false positives
A syntax error has occurred
ADODB%.Field error
ASP%.NET is configured to show verbose error messages
ASP%.NET_SessionId
Active Server Pages error
An error occured
An illegal character has been found in the statement
An unexpected token \"END%-OF%-STATEMENT\" was found
CLI Driver
Call to member function
Can\'t connect to local
Custom Error Message
DB2 Driver
DB2 Error
DB2 ODBC
Died at
Disallowed Parent Path
Error Diagnostic Information
Error Message : Error loading required libraries
Error Report
Error converting data type varchar to numeric
Error executing Database Query
Fatal error
Incorrect syntax near
Internal Server Error
Invalid Path Character
Invalid procedure call or argument
Invision Power Board Database Error
JDBC Driver
JDBC Error
JDBC MySQL
JDBC Oracle
JDBC SQL
Microsoft JET Database
Microsoft OLE DB Provider for Oracle
Microsoft OLE DB Provider for ODBC Drivers
Microsoft OLE DB Provider for SQL Server
Microsoft SQL Native Client error
Microsoft VBScript compilation error
Microsoft VBScript error
MySQL Driver
MySQL Error
MySQL ODBC
ODBC DB2
ODBC Driver
ODBC Error
ODBC Microsoft Access
ODBC Oracle
ODBC SQL
ODBC SQL Server
OLE/DB provider returned message
ORA%-0
ORA%-1
Oracle DB2
Oracle Driver
Oracle Error
Oracle ODBC
PHP Error
PHP Parse error
PHP Warning
Parent Directory
Permission denied: \'GetObject\'
PostgreSQL query failed: ERROR: parser: parse error
SQL Error
SQL Server Driver%]%[SQL Server
SQL Server JDBC Driver
SQL command not properly ended
SQLException
Supplied argument is not a valid MySQL result resource in
Supplied argument is not a valid PostgreSQL result
Syntax error in query expression
System%.IndexOutOfRangeException
The error occurred in
The script whose uid is
Type mismatch
Unable to jump to row
Unable to select %* from
Unclosed quotation mark
Unknown column
Unterminated string constant
Warning: Cannot modify header information %- headers already sent
Warning: Supplied argument is not a valid File%-Handle resource in
Warning: mysql_query%(%)
Warning: pg_connect%(%): Unable to connect to PostgreSQL server: FATAL
Warning: require%(%)
array_merge%(%)
data source=
detected an internal error %[IBM%]%[CLI Driver%]%[DB2/6000%]
error in your SQL syntax near
getimagesize%(%)
include_path
invalid query
is not allowed to access
missing expression
mysql_fetch_array%(%)
mysql_fetch_assoc%(%)
mysql_fetch_row%(%)
mysql_free_result%(%)
mySQL error with query
mysql error
num_rows
on MySQL result index
on line
server at
server object error
supplied argument is not a valid MySQL result resource
session_start%(%)
unexpected end of SQL command
