
123456
12345
123456789
password
iloveyou
princess
1234567
12345678
abc123
nicole
daniel
babygirl
monkey
lovely
jessica
654321
michael
qwerty
111111
ashley
000000
iloveu
michelle
tigger
sunshine
chocolate
password1
soccer
anthony
friends
purple
butterfly
angel
jordan
liverpool
justin
123123
fuckyou
loveme
football
secret
andrea
carlos
joshua
jennifer
bubbles
superman
1234567890
hannah
amanda
loveyou
pretty
andrew
basketball
angels
flower
tweety
hello
playboy
elizabeth
charlie
hottie
tinkerbell
samantha
chelsea
barbie
lovers
jasmine
teamo
brandon
666666
shadow
melissa
eminem
matthew
robert
danielle
forever
family
jonathan
dragon
computer
whatever
987654321
cookie
vanessa
naruto
summer
sweety
spongebob
joseph
junior
softball
taylor
yellow
mickey
lauren
daniela
princesa
alexandra
jesus
alexis
william
thomas
estrella
miguel
beautiful
mylove
angela
poohbear
patrick
iloveme
sakura
adrian
alexander
destiny
christian
121212
america
sayang
dancer
monica
112233
richard
diamond
555555
princess1
carolina
steven
orange
louise
rangers
789456
999999
11111
snoopy
nathan
shorty
hunter
gabriel
killer
cherry
buster
sandra
alejandro
george
brittany
alejandra
patricia
rachel
cheese
7777777
159753
tequiero
arsenal
ginger
dolphin
heather
antonio
david
peanut
pokemon
blink182
stephanie
222222
sweetie
987654
beauty
pepper
maggie
victoria
chicken
00000
fernando
honey
rainbow
corazon
cristina
kisses
manuel
rebelde
angel1
baseball
heaven
ricardo
55555
babygurl
martin
greenday
november
123321
alyssa
mother
madison
123abc
batman
mahalkita
morgan
september
december
mariposa
maria
bailey
gabriela
iloveyou2
jeremy
asshole
pamela
gemini
kimberly
shannon
sophie
pictures
jessie
hellokitty
claudia
babygirl1
angelica
austin
victor
horses
mahalko
tiffany
mariana
booboo
eduardo
courtney
harley
andres
kissme
iloveyou1
ronaldo
precious
october
peaches
inuyasha
chris
888888
veronica
master
james
banana
adriana
prince
cutie
jesus1
freedom
friend
crystal
samsung
zxcvbnm
oliver
celtic
edward
diana
angelo
kenneth
scooby
rebecca
sebastian
carmen
456789
jackie
spiderman
karina
johnny
christopher
school
0123456789
barcelona
orlando
august
samuel
slipknot
cameron
monkey1
cutiepie
bitch
50cent
casper
bonita
adidas
mustang
kevin
kitten
maganda
babyboy
brenda
karen
natalie
isabel
123654
cuteako
789456123
javier
sarah
bowwow
777777
marvin
portugal
fuckoff
laura
internet
tigers
jasper
denise
rockstar
chester
volleyball
january
nicholas
silver
tintin
alicia
flowers
bianca
cristian
chrisbrown
101010
smokey
garfield
sweet
dennis
cassie
strawberry
francis
asdfgh
panget
696969
benfica
love123
lollipop
qwertyuiop
olivia
cancer
camila
superstar
harrypotter
charles
ihateyou
midnight
vincent
christine
monique
apples
jordan23
scorpio
mercedes
lorena
charmed
icecream
nirvana
andreea
katherine
abigail
aaaaaa
mexico
rafael
fucker
pookie
brianna
lovelove
benjamin
abcdef
welcome
aaliyah
131313
johncena
gangsta
333333
brooke
metallica
hiphop
sergio
mybaby
travis
michael1
julian
sabrina
love
dakota
jeffrey
stephen
babyblue
catherine
badboy
fernanda
westlife
jackson
blondie
melanie
simple
smiley
sasuke
fluffy
roberto
dolphins
steaua
teresa
piglet
asdfghjkl
ronald
minnie
newyork
jason
slideshow
88888888
muffin
raymond
5201314
santiago
jayson
jerome
gandako
gatita
letmein
246810
babyko
popcorn
kitty
sweetheart
alberto
ladybug
chivas
nicole1
cookies
leslie
dexter
jenny
valeria
christ
leonardo
12345678910
232323
jayjay
rockon
liliana
anthony1
marcus
sexygirl
lalala
amores
bitch1
babydoll
chris1
fatima
scooter
miamor
single
lover
eeyore
252525
natasha
skittles
159357
brooklyn
happy
cocacola
colombia
winnie
123456a
manutd
teddybear
britney
christina
katrina
london
albert
pasaway
grace
linda
mahal
lakers
tatiana
0123456
marie
charlotte
147258369
cantik
teiubesc
hahaha
natalia
francisco
smile
amorcito
elephant
manchester
paola
angelito
147258
shelby
genesis
mommy1
snickers
kelsey
turtle
stupid
amigos
xavier
147852
linkinpark
hockey
claire
marlon
marina
fuckyou1
qazwsx
spider
garcia
diego
brandy
444444
bonnie
sharon
rabbit
andrei
frankie
iverson
disney
pimpin
justine
54321
soccer1
red123
england
fashion
bandit
bestfriend
456123
hermosa
dallas
102030
danny
allison
phoenix
guitar
emily
potter
lucky1
monster
miranda
sporting
wilson
number1
camille
pumpkin
hearts
katie
iloveu2
212121
player
savannah
truelove
people
hottie1
jayden
scotland
sparky
jasmin
nelson
timothy
onelove
ganda
bubble
ilovehim
parola
shakira
barney
smiles
brandon1
estrellita
canada
thunder
florida
sweets
motorola
evelyn
nikki
love12
familia
matrix
monkeys
elijah
omarion
joanna
999999999
loverboy
emmanuel
ronnie
broken
mamita
lucky
jackass
rodrigo
california
westside
maryjane
yankees
justin1
mauricio
jamaica
trinity
amigas
tennis
preciosa
shopping
mariah
hello1
flores
isabella
sunflower
bradley
connor
kathleen
starwars
jorge
gracie
hector
cupcake
elaine
robbie
compaq
sammy
valentina
cheche
martinez
abcdefg
friendster
fuckyou2
melody
darling
loser
jamie
joanne
santos
candy
pebbles
blessed
dominic
millie
sunshine1
swimming
loving
taurus
biteme
gangster
tyler
aaron
ferrari
gloria
darkangel
kitkat
dreams
cheyenne
snowball
a123456
dustin
jessica1
sweetpea
darren
megan
bettyboop
cynthia
violet
purple1
iubire
kelly
bestfriends
nothing
sophia
jordan1
inlove
batista
sydney
zachary
chacha
010203
karla
marian
sexyme
froggy
skater
billabong
gerald
pogiako
daddy1
oscar
daddysgirl
carebear
raiders
charlie1
apple
erika
pinky
tigger1
ashley1
google
nenita
gatito
buttercup
lokita
maldita
bambam
nichole
darkness
amber
glitter
bella
123789
money
sister
dreamer
green
lindsey
zacefron
tokiohotel
lovebug
loveya
cooper
marissa
bubblegum
nicolas
cecilia
lindsay
passion
fuckme
willow
lollypop
123qwe
kristine
puppies
chubby
ariana
butter
anderson
sammie
mario
caroline
raquel
lonely
mememe
sierra
susana
sexybitch
roxana
miller
carter
kristen
baller
scorpion
hotstuff
stacey
angelina
babylove
rocker
012345
sweet16
football1
eagles
playgirl
chance
marcos
james1
stella
gustavo
bhebhe
qwerty1
loveme1
kayla
rocky
milagros
catdog
11111111
lovely1
booger
daddy
beyonce
lilmama
lolita
williams
armando
freddy
margarita
202020
undertaker
151515
gerard
loves
PASSWORD
password2
caitlin
amistad
bryan
zxcvbn
capricorn
delfin
vampire
dance
yamaha
matthew1
skyline
martha
georgia
lizzie
cheerleader
andrew1
hotdog
scoobydoo
ireland
enrique
badgirl
janine
tristan
amelia
justme
dancing
1234
141414
money1
tamara
cuteme
sheila
chiquita
angeles
legolas
carlitos
kittycat
xxxxxx
jesuschrist
harvey
maddie
israel
michelle1
remember
angie
cinderella
trustno1
lester
thebest
ashton
ilovejesus
tazmania
genius
lucky7
buddy1
patches
paloma
deedee
tekiero
peewee
princesita
cowboys
jesucristo
myself
regina
miriam
janice
happy1
april
felipe
chichi
rosita
awesome
jazmin
lipgloss
tinker
walter
pangit
arturo
mierda
741852963
melvin
celeste
david1
hernandez
silvia
penguin
animal
simpsons
molly
pussycat
boomer
gorgeous
hardcore
mylife
honeyko
gateway
johnson
winter
00000000
babyboo
loveu
hollywood
lupita
panthers
crazy
ilovegod
alfredo
hawaii
musica
kristina
spencer
sparkle
trixie
scarface
valerie
098765
sexymama
please
hailey
nikita
hayden
daisy
wesley
poopoo
micheal
0987654321
242424
pineapple
lolipop
christmas
marisol
jeremiah
murphy
butterfly1
debbie
isaiah
lawrence
cesar
mhine
yourmom
bubbles1
chloe
qwert
sheena
xbox360
madalina
jimmy
blonde
anamaria
united
beatriz
diamonds
jasmine1
barbara
741852
brian
pauline
sweetness
trouble
chicago
whitney
friendship
87654321
marley
bananas
julius
desiree
sandy
hannah1
pantera
marie1
leanne
shadow1
anita
tucker
twinkle
lover1
february
birthday
123123123
twilight
panther
cookie1
simone
bebita
imissyou
147852369
beckham
ashlee
pollito
eugene
bobby
iloveyou!
shelly
damian
catalina
joshua1
bullshit
abcd1234
donald
nursing
andre
torres
perfect
dinamo
babyface
juliana
moomoo
daniel1
cassandra
autumn
mommy
titanic
drpepper
sexylady
bitches
852456
14344
mendoza
animals
mariel
marcela
buddy
robert1
alison
gerardo
bethany
samson
blossom
serenity
cutie1
paulina
bulldogs
paradise
simpleplan
kucing
fabian
harold
amanda1
1111111
hollister
ILOVEYOU
coffee
willie
cowboy
lovehurts
tyrone
diesel
rodriguez
reggie
pisces
patito
kaylee
piolin
element
143143
salvador
chanel
peterpan
dianne
sanchez
joseluis
stars
marshall
dancer1
always
tanner
diosesamor
derrick
sweet1
jason1
calvin
grandma
helena
mitchell
181818
ashleigh
bulldog
love4ever
theresa
mihaela
chinita
alexandru
thuglife
trisha
brownie
phillip
shane
margaret
amormio
thumper
kitty1
aquarius
aaaaa
rosario
morena
sammy1
marius
heart
bigboy
yvonne
creative
panda
1q2w3e4r
lorraine
donkey
hayley
kaitlyn
danger
esther
babycakes
frances
hamster
tweety1
archie
gerrard
sexy123
catarina
gregory
superman1
taylor1
arnold
pickles
marco
babies
brittney
11223344
parker
rockme
trevor
lorenzo
sofia
police
yasmin
maverick
sports
godisgood
audrey
speedy
dominique
roxanne
rocku
happiness
jenjen
virginia
italia
shorty1
boston
chrissy
asdfg
giggles
753951
nadine
1q2w3e
black
castillo
fantasy
joyjoy
cuddles
tyler1
summer1
beautiful1
darwin
pelusa
maxwell
kittykat
rosebud
12341234
fabiola
jocelyn
cristo
cheer
ghetto
mickey1
junjun
golden
russell
madison1
babygurl1
julio
toyota
faith
cuteko
justice
wildcats
rooney
bloods
alisha
gabrielle
kayleigh
sarita
rochelle
macmac
william1
mississippi
college
curtis
gilbert
rascal
mickeymouse
soledad
passw0rd
naughty
diablo
hello123
friends1
gwapako
singer
123654789
prettygirl
jellybean
elizabeth1
buttons
busted
pretty1
australia
camilo
johanna
unicorn
yolanda
hershey
philip
vanilla
franklin
bismillah
pinkie
love13
holas
marilyn
bigdaddy
7654321
ramona
carla
9876543210
pink123
photos
erick
jacob
cricket
briana
hilary
pedro
callum
watermelon
ihateu
rahasia
loveme2
dragons
lourdes
juancarlos
janelle
PRINCESS
therock
montana
sapphire
shirley
emerald
tania
lovergirl
warren
cheer1
latina
yoyoyo
lucky13
asshole1
papito
scotty
pikachu
lavender
dylan
breanna
22222
slayer
idontknow
tiger
douglas
yellow1
aurora
iluvme
nascar
teamomucho
poohbear1
010101
little
krystal
hunter1
emanuel
flower1
belinda
iloveu1
winston
valentine
hotgirl
goddess
cuties
diamond1
damien
kittens
171717
babyphat
peanut1
rocky1
rangers1
ballet
shithead
copper
coolgirl
caramelo
0000000000
pickle
charlene
142536
volcom
cindy
maymay
kingkong
selena
wendy
lucero
baby123
angelita
1435254
alexa
windows
houston
iceman
merlin
love1
wicked
kissmyass
guadalupe
lovelife
paula
candy1
crazy1
incubus
buster1
handsome
shaggy
teacher
1qaz2wsx
esmeralda
music
dayana
myname
madonna
iloveme1
boogie
loulou
richie
yahoo
sexybabe
norman
special
phoebe
nathaniel
spongebob1
ramirez
2cute4u
chelsea1
converse
falloutboy
rayray
connie
124578
billy
eunice
dianita
1111111111
marisa
hotchick
spanky
angel123
kristin
080808
sassy1
a12345
goldfish
sagitario
family1
linkin
sexy12
lacoste
ranger
161616
liberty
danica
cutegirl
peter
campanita
jesse
realmadrid
gothic
password123
sniper
walker
tommy
chicken1
atlanta
kelvin
juventus
molly1
harry
marlboro
ronaldinho
0000000
newcastle
mookie
esteban
giovanni
maribel
moises
12345a
peace
stefan
leelee
preston
mahalkoh
fresita
nintendo
951753
austin1
snuggles
erica
tequieromucho
sassy
celticfc
shutup
iverson3
soulmate
ecuador
tagged
hotpink
thomas1
arthur
champion
bernard
taytay
lunita
fatboy
playboy1
honey1
loser1
nicola
southside
nissan
brandi
mackenzie
michel
missy
arlene
alexia
tiger1
blueeyes
nancy
ernesto
darius
landon
mamapapa
rachelle
282828
random
edgar
blahblah
99999
steelers
spirit
michele
chocolate1
111222
cosita
judith
morales
hermione
winner
starlight
unique
maurice
coolcat
carrie
rodney
dimples
goober
rivera
katelyn
pierre
kennedy
moonlight
iluvu
viviana
something
gonzalez
esperanza
softball1
love22
children
stanley
marlene
baby12
newlife
father
234567
swordfish
snowflake
bunny
nigger
77777
dillon
shasha
ingrid
abcde
doraemon
kathryn
fucku
romance
runescape
pitbull
geraldine
france
dimple
allstar
skippy
bhaby
cooldude
tweetybird
ricky
jefferson
134679
pakistan
cassidy
godbless
paramore
ballin
romania
jermaine
smudge
karate
domino
chopper
bitchy
seventeen
mariela
garrett
emotional
alonso
computer1
helpme
smallville
loveless
daisy1
blue123
clover
peluche
yugioh
meghan
mykids
hummer
julie
cherries
freddie
mexico1
thailand
sunset
andreita
ximena
goldie
puppy
bella1
kaykay
vanesa
070707
262626
blueberry
gladys
janjan
maggie1
acuario
boricua
basket
amber1
marjorie
blue22
joyce
destiny1
whatever1
dragon1
cameron1
kendra
annie
coconut
groovy
negrita
angelbaby
eclipse
sponge
danilo
blabla
theone
booboo1
dipset
alexis1
191919
kirsty
aileen
harmony
samantha1
ragnarok
kevin1
cheeky
babyboy1
granny
green1
abraham
ilovemyself
wrestling
dragonfly
cheryl
guillermo
serena
blacky
warrior
bintang
poopie
nathan1
john316
fender
bonbon
alfonso
mikey
punkrock
michaela
mollie
yourock
manunited
jazmine
carlo
love69
miracle
iloveboys
bogdan
rock you
brother
jillian
munchkin
karlita
patrick1
online
bugsbunny
harley1
catalin
doggie
supergirl
melisa
hollie
lilwayne
mmmmmm
christy
jennifer1
alianza
moreno
emilio
bailey1
violeta
maureen
wizard
puppylove
makayla
gymnastics
ilovechris
heyhey
rachael
athena
milkshake
mathew
asdasd
159951
success
juanita
1password
goodgirl
kenzie
kenny
baseball1
bullet
virgin
holly
eternity
caramel
pepper1
chandler
manuela
steven1
mckenzie
ingeras
lasvegas
katkat
alfred
redrose
estefania
estrela
harrison
love14
godislove
casey
jajaja
butthead
elena
jupiter
danny1
seven7
lenlen
aubrey
geminis
duncan
keisha
asdfjkl;
starfish
wallace
danielle1
felicia
holiday
santana
florin
scrappy
america1
ginger1
jaguar
argentina
ariel
stinky
mayra
hehehe
blackie
chelle
joseph1
2hot4u
popeye
badass
luisa
deanna
fiorella
freaky
myangel
lampard
killer1
rihanna
aaron1
denisa
yesenia
sailormoon
joana
redsox
junior1
microsoft
fishing
monika
colleen
golfinho
billie
holden
sarah1
dragoste
baxter
futbol
love11
gonzales
qwe123
kathy
josephine
dramaqueen
welcome1
knight
arianna
kirsten
mermaid
teddy
carina
carito
ludacris
clayton
forever1
sexylove
yankee
jonjon
carol
sugar
computadora
sasha
coolio
melissa1
scott
berenice
logitech
callie
fucku2
ABC123
clifford
ilovematt
yvette
frank
momdad
honduras
dwayne
tracey
divina
liverpoolfc
manson
ilovejosh
stevie
ronaldo7
lovesucks
password12
sublime
joejonas
rebeca
gordon
kisskiss
mibebe
1212312121
steph
roland
nacional
conejo
272727
bruno
redneck
thegame
fergie
evanescence
vivian
richard1
loveu2
monday
alaska
simona
hotmama
love101
88888
Password
corona
aventura
cristi
eastside
valentin
change
cristiano
maxine
cleopatra
brayan
lollol
drowssap
dalton
963852
fernandez
friday
luisito
mahalq
blanca
motherfucker
orange1
henry
annette
pablo
vegeta
martina
8675309
wolves
fabulous
love21
marcelo
alvin
morris
noodles
yanyan
stewart
legend
cuttie
maryann
jersey
555666
dolphin1
cherry1
raiders1
maximus
roberta
lizard
marines
gabby
smelly
prettyme
agosto
medina
carlos1
sexy69
missy1
single1
tequila
jennie
warriors
shalom
candice
saints
howard
romeo
heather1
kawasaki
nightmare
platinum
brendan
cheetah
leonard
tricia
090909
castro
denver
hercules
love23
messenger
kimkim
pirates
iluvyou
everton
filipa
kieran
jesus7
asd123
grandad
juliet
kendall
456456
yousuck
randy
jonas
antonia
mother1
jetaime
cintaku
jacqueline
honeybee
amore
suzanne
drummer
turkey
bubba1
freedom1
charmaine
snowman
alvaro
romero
passport
qazwsxedc
freckles
rocknroll
mystuff
leticia
ruben
madeline
german
mandy
edison
shiela
pancho
dulce
sweetgirl
fuckit
sayangku
celine
ashanti
angel12
promise
kenshin
phantom
020202
franco
chingy
andreia
Princess
juanito
ericka
taekwondo
julia
ismael
melinda
smokey1
alexandre
private
jeremy1
laptop
precious1
cracker
jacob1
trinidad
angel2
arcangel
ganteng
budlight
bubba
peaches1
sixteen
surfer
mustang1
loveyou2
hamilton
cowgirl
isabelle
iluvu2
falcon
doodle
renato
blessed1
newyork1
loveable
cheese1
logan
harris
1bitch
biatch
virgo
confused
jesusfreak
shauna
rocket
steve
nokia
spooky
bobmarley
kayla1
apple1
picture
felicidad
lynlyn
pink
babykoh
student
rommel
thalia
marion
sexybaby
stormy
rolando
rainbow1
valencia
shawn
minime
lizbeth
tootsie
delete
ilovemike
triskelion
poison
maemae
anything
chucky
cellphone
aldrin
paris
divine
florence
slimshady
liverpool1
lovers1
sisters
queen
yomama
pimpin1
ewanko
gizmo1
dondon
jerry
forget
scruffy
loveyou1
cristal
aries
colorado
jackson1
stitch
rey619
swimmer
maricel
hazel
soloyo
pussy
lauren1
madrid
emily1
punkin
rowena
321654
galaxy
mnbvcxz
vodafone
maimai
jonathan1
sidney
nataly
tasha
insane
malibu
chloe1
skyler
454545
password3
applepie
jonasbrothers
greenday1
bryant
eminem1
motocross
nickjonas
babes
gunner
pavilion
magandaako
country
hitman
cruzazul
paige
getmoney
laurita
kagome
qwerty123
hihihi
hanson
dorothy
beatrice
philips
alabama
paolita
filipe
penelope
germany
redhead
theused
mypassword
princes
cinta
system
edwin
morado
morgan1
irock
shanice
kakashi
nemesis
beverly
sherry
marijuana
121314
avril
stuart
weed420
scooby1
jamie1
bonjovi
escorpion
oscar1
regine
fatcat
monalisa
amazing
love15
rakista
jenna
DANIEL
church
password!
nevaeh
stardust
marimar
xander
shannon1
lucas
robinson
bigred
psycho
ilove
a1b2c3
myfamily
johana
trandafir
wonderful
telefon
gizmo
lifesucks
doctor
georgina
potpot
dance1
bowwow1
chivas1
wolverine
tonton
tinker1
zoey101
grapes
devils
jaime
jenifer
eddie
skipper
aishiteru
super
angel13
conner
mobile
benson
milton
fofinha
13579
american
respect
gibson
pink12
abercrombie
cinnamon
astig
allen
love143
iloveme2
bobby1
georgiana
bernie
alondra
alyssa1
katie1
tattoo
candyfloss
brittany1
snoopy1
winniethepooh
050505
g-unit
dietcoke
eleven
donnie
bamboo
cathy
emilia
broncos
famous
cowboys1
cedric
amalia
angeleyes
iloveryan
langga
mypics
falcons
963852741
wordpass
antony
poop
madden
monkey2
spoiled
nathalie
princess2
fuckoff1
misty
poncho
abcdefgh
black1
payton
303030
marcel
nelly
pinky1
kimmie
shawty
krissy
suzuki
alina
moocow
sprite
tomtom
sheryl
flamingo
emogirl
mikaela
emerson
denisse
chantelle
kittie
manman
292929
marine
meandyou
noodle
deborah
sonia
bratz
420420
raven
capricornio
elamor
puertorico
behappy
theman
octubre
hotboy
lillian
magdalena
chelsey
devil
makaveli
skateboard
noviembre
1123581321
newport
tiffany1
carebears
kenken
renee
window
music1
skyblue
gabriella
brianna1
irene
donna
bombon
anjing
samsam
pencil
personal
wedding
soccer12
marianne
southpark
lionking
nikki1
sexy13
brasil
chikita
asawako
naynay
mariajose
iforgot
007007
maritza
jesse1
xiomara
ivonne
girlfriend
simpson
ilovemom
lovable
hannahmontana
mitch
soccer10
desire
rodolfo
ilovepink
powers
camaro
pillow
duckie
lestat
mylove1
perrito
jamjam
smackdown
bonjour
scooter1
marcia
conejita
yankees1
rockers
boobies
michigan
josue
sexyboy
lopez
ilovejoe
BABYGIRL
brazil
wisdom
armani
billybob
sherwin
445566
ssssss
sunday
graham
denden
batman1
scarlet
killua
dingdong
believe
kkkkkk
english
burbuja
leandro
nadia
pepito
timmy
lennon
kristy
135790
arizona
zzzzzz
astrid
philly
blingbling
789789
playstation
sparkles
frogger
crystal1
loquita
missyou
enigma
naruto1
savage
flaquita
bobbie
jenny1
lilman
azerty
chelseafc
dalejr
george1
kellie
queenie
babygirl2
honeys
charity
dakota1
anastasia
sucker
barbie1
priscilla
jjjjjj
jimenez
lilbit
subaru
longhorns
racing
muhammad
danielita
dickhead
lol123
coldplay
libertad
sexygurl
donovan
brayden
bluesky
boyfriend
rammstein
dylan1
bigdog
carmelo
noelle
panasonic
beatles
celtic1888
leonel
778899
victory
zidane
eileen
johnpaul
little1
jewels
565656
estrellas
soccer13
terrell
borboleta
delacruz
pandora
gwapa
jimena
baby
corina
diciembre
peachy
12344321
johnnydepp
hallo
gordita
sexsex
krista
campbell
princess12
surfing
shamrock
gangsta1
jeanette
ladybug1
johnny1
lamejor
secret1
898989
magic
losers
sophie1
player1
biscuit
1478963
mittens
amizade
cotton
aol123
knights
pinklady
soccer7
romina
030303
classof08
senior
nofear
killme
rooster
poppy
thankyou
althea
apollo
kimberley
netball
louie
porter
sexy101
allan
060606
123
laguna
malcolm
retard
jimmy1
maria1
joejoe
francesca
paulo
jeffhardy
sexyback
spring
twister
latoya
mariam
hammer
cristy
toshiba
love16
teodio
cloud9
alexandria
megan1
becky
canela
bautista
renata
corvette
jared
password7
rosemary
bernardo
nibbles
scarlett
dawson
rosie
hassan
daniella
tabitha
mohamed
gillian
lemons
sweetie1
darlene
corey
cosmin
avatar
kickass
tarzan
jester
gators
soccer11
celular
johnjohn
jimbob
vicky
guatemala
manzana
jakarta
pookie1
lacrosse
angeline
manolo
indian
sugar1
suckit
flakita
brooklyn1
smile1
dandan
blood
margarida
hollister1
keith
lilly
russel
trigger
halloween
maddog
belle
bluemoon
alice
jeffery
classof09
shibby
titans
bloodz
patty
carson
mamacita
lottie
shelley
skylar
987456
libra
star123
kiara
saturn
jazzy
senior06
mallory
redred
death
toffee
lizeth
christian1
charly
spunky
declan
kingdom
dragonball
5555555
rhiannon
daredevil
brian1
traviesa
stupid1
ilovejohn
alvarez
cartoon
pokemon1
daphne
acmilan
pippin
666999
ilovenick
hacker
12121212
44444
pinkpink
9999999
lilfizz
africa
patrice
ilovehim1
lilian
ilovesam
emopunk
skeeter
carmela
peanuts
eliana
kermit
yandel
heartbreaker
pepsi1
love08
rockstar1
joaquin
peyton
valentino
mamasita
logan1
married
nugget
avrillavigne
girlie
attitude
power
loredana
qwertyu
nigga
shayne
jehova
evolution
samurai
misty1
mivida
desmond
nellie
159159
angels1
female
my3kids
skate
tootie
battle
patricio
sadie1
stefania
herman
lucia
pizza
florida1
pandas
tommy1
outlaw
soldier
456852
squirt
lanena
mercury
travis1
diane
ethan
nicoleta
tigers1
ellie
clarinet
kisses1
bernadette
papamama
cheesecake
pasword
bridget
manila
pornstar
pinkpanther
salazar
larissa
faithful
mexican
collin
glamorous
septiembre
onlyme
mumdad
lavigne
girlpower
faith1
betty
sexy1
sadie
simon
angelic
eastenders
forest
gymnast
sandy1
love07
razvan
hellomoto
kimmy
backspace
prissy
qwaszx
indonesia
mygirl
puppy1
nayeli
carmel
natalie1
qweasd
mattie
carolyn
jamesbond
33333
bebito
nicholas1
keyboard
bhabes
jeanne
joker
catcat
JESSICA
elliot
hilaryduff
shania
sylvester
victoria1
hinata
naomi
matias
georgie
happy123
packers
candace
sunny
bastard
fuckers
1234qwer
charley
pirate
ilovealex
teddy1
brooke1
telephone
kawaii
detroit
shortie
alexander1
frosty
meagan
iloveben
chemical
pollo
vikings
dougie
andrea1
chrisb
manchesterunited
megaman
kristian
siobhan
charmed1
isaac
j123456
CARLOS
jericho
wassup
brutus
miguelito
soccer2
rainbows
melina
love01
258456
fucking
medicina
febrero
runner
renee1
bumblebee
cat123
55555555
tigger2
perros
enamorada
derek
goodies
morrison
habibi
1lover
lexmark
NICOLE
qqqqqq
louise1
thompson
tamahome
cutiepie1
randall
7894561230
firefly
clarence
domingo
babyangel
rocio
honda
unknown
giselle
thirteen
yahooo
margie
nenalinda
jackie1
amarillo
deftones
skater1
benjie
westham
lemonade
jaypee
extreme
yadira
blondie1
soccer9
together
paolo
iloveyou3
oranges
water
monkey123
daddyyankee
secrets
littleman
adelina
lancer
dallas1
nestor
mamamia
alex123
mikey1
matematica
playmate
sexy14
bunny1
annabelle
cassie1
jessie1
texas1
ANGEL
lassie
forgot
gerardway
girlsrule
fucklove
dumbass
kaitlin
stonecold
i love you
carrot
clarissa
flames
bleach
123456j
potato
captain
bombom
porkchop
mybaby1
malachi
rebecca1
killers
mommy2
murray
salome
renren
julieta
angelz
anime
123456789a
perro
holland
vicente
raluca
popstar
qwertyui
lewis
gracia
fucker1
redskins
pepsi
solomon
osito
blackrose
digimon
nicky
floricienta
vanessa1
paopao
irish
tobias
sexy
malaysia
darrell
casanova
janeth
14789632
iamthebest
pumas
spitfire
wildcat
felix
strong
kikay
beanie
lebron
josiah
terry
mumanddad
roseann
maricar
china
caitlyn
watson
darryl
airforce
poochie
reynaldo
teamobb
mushroom
flowerpower
reading
penguins
forever21
glenda
cherokee
babybaby
digital
monster1
infinity
mommie
gemma
blue12
classof07
future
iamcool
klapaucius
freak
bobesponja
whiskers
froggie
chipper
blazer
samara
security
lance
blessing
cortez
poopy
master1
567890
crazygirl
osiris
therese
amylee
washington
1princess
pangga
sooners
angel01
mustangs
pinkgirl
goodbye
central
elvis
colton
latino
dangerous
lucifer
gabriel1
spike
digger
susan
love06
babybear
oklahoma
summer06
roses
butterflies
siemens
pudding
araceli
damaris
sabina
redbull
simba
sterling
richmond
warcraft
zombie
1loveyou
angel7
753159
braves
jesus777
abc1234
love10
frankie1
mystery
theking
gordito
napoleon
pazaway
midnight1
carpediem
powerpuff
22222222
dayday
chaparra
dalejr8
love1234
janet
m123456
baby13
magnolia
sasha1
junebug
explorer
horses1
penny
guerrero
lamont
bunnies
tottenham
ASHLEY
memories
dream
laloca
mychemicalromance
rachel1
ANTHONY
werty
lesley
1122334455
arsenal1
kelly1
molina
adriano
matilda
kaiser
fanny
milena
sheldon
stoner
brebre
locura
goodluck
chickens
robin
LOVELY
hillary
jessy
hanna
britt
sally
monse
monique1
babygirl12
marita
browneyes
julissa
porsche
wanker
calculator
rebekah
lightning
sharks
mikayla
banana1
chris123
youandme
starbucks
chuckie
olimpia
sandiego
koolaid
lincoln
humberto
billy1
candycane
aaliyah1
becca
dragonballz
123457
charles1
dolores
clinton
maniez
789123
magodeoz
flipper
heaven1
chester1
reyes
whatsup
5555555555
metal
angelique
eduard
catwoman
redhot
223344
johnathan
2sexy4u
dollar
123456m
lesbian
snowwhite
rebels
lebron23
slipknot1
seven
limegreen
ilovejames
poodle
rangersfc
hooters
asdf1234
fallen
adrienne
rusty1
maddison
cartman
jojojo
fireman
grecia
terrance
bluebird
iloveadam
shayshay
chino
chavez
aguilar
66666
aberdeen
rogelio
blablabla
whiskey
casey1
te amo
yourmom1
jhonatan
hotrod
sleepy
xxxxx
gareth
violin
mirela
claudio
bentley
scottie
mariano
micaela
fatass
imissu
cookies1
chobits
singing
loveko
monkey12
marcus1
school1
yazmin
holahola
99999999
vargas
love24
fuckyou!
chase
kristel
password.
shiloh
******
misterio
hamish
verito
carajo
shelby1
bowling
wanted
MICHAEL
yahoo1
deathnote
danielito
evelin
alucard
nevermind
147896325
eleanor
kissme1
edward1
gunners
rootbeer
asdfasdf
tyson
sam123
tantan
mafalda
rosemarie
charming
celtic1
webster
haley
lovehate
cashmoney
usa123
mahalcoh
jazzy1
livestrong
rosado
warning
shayla
363636
selene
larisa
jeter2
sylvia
starburst
rakizta
lololo
jayden1
tacobell
turner
blake
jesica
antonio1
viridiana
98765
penis
denise1
seanpaul
boobie
password5
1234abcd
haters
juancho
agustin
ulises
button
friendly
ilovesex
burton
smarties
jaycee
boomboom
gatinha
sinead
popcorn1
jomblo
909090
zachary1
josefina
holly1
analyn
040404
courtney1
pussy1
camera
blackcat
oliver1
56789
bandit1
billiejoe
science
123456789123456
greeneyes
iloveyou.
321321
sexychick
pucca
sk8ter
mildred
queens
maroon5
Jessica
kenny1
iminlove
786786
gameboy
323232
cinthia
emiliano
dannyboy
minnie1
elisha
quincy
memory
iloveyou7
raider
gundam
umbrella
watever
casper1
prayer
wonder
boycrazy
hellboy
soccer3
funny
laura1
philippines
krishna
pacman
trunks
riley
ciara
rocks
dookie
mountain
angel11
soccer4
sampson
baller1
orlando1
badminton
elliott
hottie101
jingjing
212224
monkey7
someone
369369
clouds
sexybeast
fercho
gracie1
johncena1
patriots
ronron
compaq1
rolltide
123698745
mylene
serendipity
flowers1
teadoro
versace
yenyen
cougars
blonde1
juggalo
love18
amoremio
vagina
lipstick
samira
lynette
stargirl
holla
heartbroken
fluffy1
wayne
chiqui
survivor
rebelde1
puppys
angeli
rukawa
ILOVEU
meowmeow
147147
beaver
jordyn
inuyasha1
foster
helen
timberlake
reebok
amsterdam
justdoit
tiesto
khulet
monroe
eliza
hurley
12369874
airforce1
kobe24
placebo
yummy
cupcake1
bob123
bookie
hogwarts
secreto
rupert
pelota
redrum
bradpitt
cougar
larry
787878
aussie
kipper
neopets
kingston
thesims
elijah1
freestyle
pleasure
trenton
Password1
chucho
rugrats
lakers1
treasure
teamobebe
TEAMO
love09
estefany
shanna
shawna
kontol
energy
meredith
rusty
alone
griffin
fisher
bbbbbb
indiana
girls
q1w2e3
blackjack
kitten1
babypink
pa55word
paintball
loveit
walmart
killa
tiago
dracula
biggie
leilani
asakapa
313131
felicity
ilovedan
simba1
yasmine
aimee
maximo
andreas
shawn1
playboy123
blades
herbert
andrey
myhoney
soccer14
gutierrez
mister
mendez
loveforever
engineer
fotos
jonalyn
my2kids
wateva
dddddd
skinny
prince1
adonis
honda1
bacardi
stefanie
martin1
candygirl
lilangel
marquis
789654
pablito
amote
angelface
villanueva
gateway1
dustin1
nolove
collins
brandy1
pppppp
chantal
webcam
1234560
12qwaszx
cheerleading
snoopdogg
JORDAN
patience
gonzalo
marihuana
superstar1
freeman
solange
aliyah
roger
panama
dulcemaria
roscoe
maryjoy
memphis
raphael
underground
boricua1
123456k
spikey
romeo1
1314520
ilovedavid
01234
business
snickers1
penny1
25252525
brodie
emelec
general
summer07
mummy
waters
princess13
highschool
rebel
weezer
mario1
cherish
juanjose
maryrose
jumong
imcute
fresa
anabel
navarro
olivia1
sweetiepie
yumyum
ferreira
harry1
vladimir
7895123
smarty
shane1
changeme
bribri
mason
juicy
19871987
corazones
redman
sweetlove
tomboy
sexy11
party
andromeda
lovegod
bitch123
grandma1
sexbomb
vampires
selina
raven1
lavinia
skittles1
artist
angela1
sexy15
turtle1
elvira
pringles
poppop
tulips
firebird
pink11
kaycee
godzilla
devin
654123
jhonny
sunrise
sirena
dieguito
oswaldo
puppydog
street
morangos
jackass1
carlita
angelgirl
pebbles1
poiuyt
love4u
blueangel
doggy
adrian1
619619
apples1
muffin1
19891989
icecream1
lilone
alegria
beauty1
woaini
ANDREA
shitface
ethan1
franky
pink13
johndeere
spiderman1
candle
imsexy
aerosmith
kathmandu
muppet
leeann
gwapo
ilove?
venezuela
goodboy
guitar1
jonathon
stephen1
pendejo
benji
herrera
minerva
thanks
myheart
gianna
lillie
myboys
mygirls
claudiu
education
looney
butter1
rovers
ironmaiden
bishop
twins2
trinity1
321654987
alinutza
march
because
amethyst
vinnie
bloody
superpets
cheekymonkey
rashad
panda1
pumpkin1
scott1
access
snoopdog
raerae
honesty
pereira
miguelangel
caleb
ernest
snakes
dog123
karolina
angel3
giraffe
love17
qazxsw
senior07
chinito
makeup
striker
federico
chantel
misael
queen1
singapore
joaninha
wazzup
markie
hunnie
imcool
sunny1
my2girls
angel5
darnell
beaner
badboys
aguila
mouse
jesus123
tangina
francine
homero
eighteen
kamote
zxcvb
miley
alex
happydays
isabela
gwapoko
pompom
stephy
lashay
diogo
fighter
deadman
pisica
sexual
fucku1
angel22
chippy
victor1
buddha
stargate
tyson1
jasper1
summer08
soccer5
texas
jarule
martini
hendrix
antonella
account
sweetangel
silvana
papichulo
printer
craig
password11
sherman
nguyen
reggae
trooper
brokenheart
yuliana
muerte
ivette
francia
floppy
goodcharlotte
terrence
peluchin
gretchen
max123
smirnoff
dante
bounce
adolfo
voodoo
smiley1
villevalo
monita
homies
boxing
negrito
ilovemymom
jaylen
1a2b3c
laurence
babydoll1
buffy
nelly1
ionutz
juanpablo
smile4me
bigdick
timothy1
honeykoh
vince
bradley1
glamour
badger
caballo
soylamejor
stefany
iubita
19921992
dodgers
metoyou
alesana
tropical
nigga1
movies
april1
family5
ashlyn
stephanie1
slide
angel14
peaceout
annmarie
yahoo.com
astonvilla
keegan
glenn
julieann
cheska
eddie1
gabby1
idunno
calderon
chico
finalfantasy
MICHELLE
ilovemyfamily
Michael
breezy
benny
class09
dipset1
tammy
ilovejake
temple
classof06
marquez
kangaroo
leigh
dodong
sexygirl1
karito
buddie
tanya
ironman
zxcvbnm,./
ricky1
chunky
jesussaves
princess7
bumbum
sexyass
malagu
my2boys
ionela
tripleh
tyrell
bratz1
lizzy
allie
garden
herbie
marianita
davids
cornelia
escape
eagles1
bobbob
luciana
bigbird
contraseña
kambal
silent
ramones
tribal
winxclub
revenge
hearty
benito
milkyway
llllll
cinthya
liezel
thunder1
badman
christie
ichigo
delicious
reagan
spartan
cherie
peanutbutter
zamora
leonor
mafer
kentucky
woohoo
addison
polaris
daughter
coolman
sporty
mydear
narnia
password13
adrianna
maxmax
burger
savannah1
mozart
photo
fiesta
madmax
trouble1
angel101
backstreet
mason1
estela
fireball
boobear
anakin
jessa
1jesus
arianne
rosie1
q1w2e3r4
naenae
auburn
maddie1
369852
password4
pamelita
pink22
jologs
godfather
lilred
baby14
silver1
riley1
savanna
jesusc
shasta
babycoh
playboi
itachi
friends4ever
whisper
aguilas
xoxoxo
ilovemark
luisteamo
chinchin
tarheels
alissa
candyman
sparrow
monkey3
sparky1
timmy1
jaiden
musical
19861986
jhenny
nichole1
alanna
lovingyou
gordon24
youtube
maradona
summertime
crazy4u
543210
ritinha
jungle
presario
haylee
delfines
immortal
rosales
oliveira
roxygirl
soccer15
walalang
mileycyrus
cabbage
green123
brown
journey
bhabie
french
coolness
patches1
pokpok
cancel
neneng
hongkong
sixers
james123
salinas
lilmama1
505050
ilovetom
23456
PASSWORD1
salvation
oooooo
cheers
broken1
pegasus
imagine
chevelle
bennett
emokid
jessika
irving
gotohell
jackson5
geronimo
froggy1
punker
buffalo
smooth
soccer8
bigman
damion
kassandra
ariane
grace1
ilovejason
mom123
fcporto
oldnavy
monopoly
principe
ioana
livelife
lucian
mayang
giants
chihuahua
grumpy
princess3
fourteen
angel21
cielo
popopo
dublin
prinsesa
innocent
horse
magaly
69696969
rastaman
twinkie
sebas
souljaboy
ramon
123987
bigbrother
ranita
ralph
111213
thatshot
beloved
whocares
kristi
elmejor
topgun
pampam
momanddad
pancakes
gunit
lorenz
harlem
dominick
monkeybutt
soccer6
running
devil666
praise
rhonda
fabio
poppy1
dwight
disturbed
babygirl13
doglover
star
topher
colombia1
cristiana
bellota
history
candies
newzealand
123789456
samanta
emachines
itzel
tierra
jacky
information
celina
jesuslovesme
zander
cierra
barbiegirl
kittys
hudson
denzel
chase1
spike1
complicated
hawaiian
pancake
pothead
alessandro
lorenita
marygrace
abcd123
karencita
demons
ravens
passwords
james23
hitler
morenita
debora
my3sons
booger1
iulian
dodger
waterfall
cowboy1
mission
asdfghj
jensen
katty
choclate
fatman
perlita
gisela
iloveyou12
star12
gerrard8
angell
kelley
hotshot
cookiemonster
paige1
midget
cooper1
monitor
estrada
afrodita
1angel
baby08
frederick
mike
xavier1
alicia1
baby1
poptart
benedict
piggy
graciela
sharpay
class07
jesuss
pioneer
258963
1blood
222333
madness
hotbabe
angel16
sandrita
newton
monica1
millwall
wachtwoord
awesome1
kamila
pineda
123456s
dutchess
silvestre
qweasdzxc
qwer1234
ilovedogs
melany
clueless
blue13
kahitano
miguel1
sexy01
gwapoako
sailor
19931993
coleman
lionel
asdfghjk
111111111
makulit
jonny
island
predator
omarion1
mcdonalds
manager
people1
tornado
hibernian
molly123
allyson
jelly
pingpong
thinkpink
peter1
mango
angel10
groovychick
QWERTY
pollita
looser
tennis1
dudley
viking
fuckface
tortuga
turtles
chelsie
marta
cannabis
sandoval
nicole2
lollies
redroses
chris12
bighead
siempre
teresita
erwin
original
budweiser
edwards
guinness
guitarra
marielle
mifamilia
trumpet
apple123
classic
mommy3
cabrera
solotu
s123456
garnet
godlovesme
hamtaro
reaper
create
jomar
rafaela
qwerty12
doodles
brendon
ninja
ilovekyle
pearl
mandy1
linda1
Nicole
sexybitch1
mercado
a1b2c3d4
nature
JASMINE
timber
bertha
MONKEY
steph1
Daniel
packard
alvarado
doggies
bearbear
pinkish
elisa
honeyz
keekee
family4
delgado
usher
enter
ezekiel
elisabeth
monyet
friendsforever
labebe
skywalker
richelle
biology
wordlife
lovebug1
000001
marsha
sassygirl
sahara
maricris
happyfeet
mysterio
monkeys1
princess123
matty
jones
blue32
luckydog
sosexy
momof3
monkey13
tanisha
littlebit
einstein
estefani
pisicuta
elefante
aquino
bitch69
pizza1
19941994
belleza
mybabies
valery
sweety1
bessie
annie1
bubulina
dejavu
hailey1
19851985
mohammed
boobs
georgia1
willy
antoine
aquamarine
independent
mariah1
nineteen
glasgow
carissa
maricela
fabolous
deejay
poiuytrewq
venice
hunnybunny
akatsuki
maiden
snowboard
negro
latrice
mmmmm
control
brooks
water1
chico1
killbill
maisie
hondacivic
meggie
alessandra
angelus
savior
manny
aleja
baybee
bryan1
carebear1
blizzard
juanes
eloisa
lowrider
madman
lalito
141516
AMERICA
oakland
kamikaze
1q2w3e4r5t
arielle
shaun
candie
twiggy
ash123
priscila
cool123
eragon
search
bubble1
birdie
corbin
hello12
gotmilk
lilly1
fairies
minniemouse
teetee
laurie
flipflop
duchess
grandpa
ortega
987456321
palmtree
cutify
bernice
ibanez
nicolle
gilberto
dorian
tasha1
ripcurl
LOVEME
maxpower
carnell
subway
coyote
nickolas
connor1
terminator
hilton
dionne
aaaaaaaa
buffy1
sandra1
hello2
florentina
chicky
bball
catdog1
nicole12
corey1
amorsito
padilla
lovemom
devon
snowball1
nookie
beach
456321
telefono
nanita
kimerald
gracey
mamama
hoover
wonderland
fantastic
gordo
bitches1
deandre
disneyland
lovelygirl
escola
teddybear1
assassin
burberry
ignacio
143444
volume
kassie
paixao
cancun
ramiro
camelia
baby07
TWEETY
hello!
memyselfandi
guzman
tenten
bond007
angel15
hellothere
happybunny
nobody
nessa
metalica
cheyanne
putangina
crackers
jamielee
capslock
bunnyboo
bigmama
hellow
lovehim
baby11
luckyme
courage
joselito
fresas
sexy16
joselyn
gavin
babygal
loraine
kameron
chiquito
alonzo
1qazxsw2
velvet
bonnie1
josie
giovanna
kansas
minina
abegail
bigfoot
1truelove
alohomora
catfish
hustler
diamante
JOSHUA
77777777
wwwwww
bhabycoh
pandabear
chuchu
sierra1
nikolas
computador
sparks
lissette
k123456
notebook
chicks
henderson
baby01
muneca
edgardo
integra
jamila
jesusislord
candys
volley
smitty
onepiece
louis
peekaboo
ibrahim
gerson
dixie1
blink
hardrock
beebee
smokie
sexymama1
counter
dottie
ojitos
leopard
bluebell
anahi
lilkim
colt45
semperfi
pizzas
ferret
deleon
crybaby
newman
roberts
jazzie
angel07
JUNIOR
young1
honest
cobain
1029384756
jehovah
scream
blanco
rancid
Liverpool
monmon
lamborghini
ESTRELLA
soccer16
marvel
jeffrey1
booty
elvis1
class08
target
chronic
darkside
xtreme
smile123
bobcat
loveis
fraser
eatshit
satan666
784512
splash
ilovecats
Michelle
raymond1
cutie123
stephany
twins
escorpio
balong
squall
abigail1
tanner1
indigo
09876
qaz123
JESUS
tucker1
suicide
venus
chargers
southern
peace1
university
bluestar
alex12
pacheco
Danielle
magnum
casino
benjamin1
alfie
julian1
carola
lianne
queenbee
jerson
thelma
monkey11
braveheart
336699
universal
monserrat
JUSTIN
shadmoss
sandro
loved1
vernon
horse1
isaiah1
rosalie
carlito
224466
italian
jerico
june23
nightwish
BRANDON
princess11
888999
steve1
alemania
angel23
marques
preety
lloyd
chicago1
januari
6543210
gorillaz
dolphins1
Anthony
labrador
labtec
campos
lights
micah
lucille
sexyred
......
lacrimosa
amerika
heyheyhey
tracy
PRINCESA
lilromeo
noelia
sabrina1
spongecola
trojans
321456
123456c
foxylady
smithy
stronger
hotlips
aragorn
redwings
andreina
newpassword
honeyq
456654
bigboy1
kitty123
mongoose
steelers1
badboy1
miller1
element1
helloo
teamomiamor
matilde
jellybeans
chinese
iuliana
revolution
angie1
metallica1
anaconda
tekieromucho
jonatan
asasas
godsmack
eugenia
summer05
fantasia
wertyu
redsox1
pooper
june28
disney1
magic1
natali
1234554321
thesims2
bball1
abbie
muslim
smith
rosalinda
soccer22
yomomma
roderick
bling
squirrel
janina
murder
chikis
kendrick
andre1
francisca
sonny
525252
rabbits
polarbear
nigger1
chandra
orlandobloom
212224236
brianne
teodora
sweetypie
2222222
tomato
sagitarius
rasta
2sweet
passions
bonethugs
nextel
jokers
heroes
jamal
j12345
juliocesar
19881988
FUCKYOU
yessica
lokito
avalon
onelove1
chance1
estrelinha
pass123
dirtbike
anarchy
koolkat
heavenly
235689
butterfly2
sexkitten
sexygal
losangeles
19951995
missie
spencer1
piscis
houston1
nathaly
123456t
TIGGER
yankees2
sexysexy
ferguson
crips
castle
123456b
1babygirl
holler
cccccc
spotty
19841984
planet
love33
rockandroll
fossil
brenda1
michell
rasmus
hellohello
powder
sausage
#1bitch
gogirl
derick
sirenita
milano
denis
quiksilver
durango
ihateyou1
iloveluke
ventura
daryl
playboy69
leavemealone
super1
wiggles
consuelo
camilita
MIGUEL
ladybird
limpbizkit
harriet
privacy
petewentz
jayjay1
stewie
gusanito
ducky
letmein1
perla
biteme1
inlove1
princess01
fernandes
spears
ineedyou
lickme
brujita
sister1
LIVERPOOL
universidad
western
sissy1
lilsexy
japanese
louisa
isabella1
techno
newnew
cutie12
1a2b3c4d
felicidade
reddog
honeypie
joselin
supernova
speaker
lobster
tigger12
toronto
annann
shaina
edith
aracely
jayvee
10203040
chango
brennan
19911991
iloveyou4
bouncer
jimmie
twisted
usher1
oicu812
blondy
rapper
henry14
roselyn
zxcvbnm1
camara
destinee
gogogo
ayesha
mateo
timberland
dickies
chevy1
teamare
Brandon
slamdunk
malena
gandalf
imthebest
karen1
latina1
celica
powell
damnit
robbie1
christina1
bandung
poetry
soccer17
class06
chiquis
ALEXIS
rockets
angelie
ciocolata
ronnel
pasion
candy123
smoking
pascual
softball12
wolfpack
ramos
cardinals
gamecube
manuelito
snapple
lingling
369258
bunbury
valdez
