
123456
12345
123456789
password
iloveyou
princess
1234567
12345678
abc123
nicole
daniel
babygirl
monkey
lovely
jessica
654321
michael
qwerty
111111
ashley
000000
iloveu
michelle
tigger
sunshine
chocolate
password1
soccer
anthony
friends
purple
butterfly
angel
jordan
liverpool
justin
123123
fuckyou
loveme
football
secret
andrea
carlos
jennifer
joshua
superman
bubbles
1234567890
hannah
amanda
loveyou
pretty
andrew
basketball
angels
tweety
flower
hello
playboy
elizabeth
charlie
hottie
tinkerbell
samantha
barbie
chelsea
lovers
teamo
jasmine
666666
brandon
shadow
melissa
eminem
matthew
robert
danielle
forever
family
jonathan
dragon
computer
whatever
987654321
cookie
vanessa
naruto
summer
sweety
spongebob
joseph
junior
softball
taylor
yellow
daniela
lauren
mickey
princesa
alexandra
william
alexis
jesus
thomas
estrella
miguel
beautiful
mylove
angela
poohbear
patrick
iloveme
sakura
adrian
destiny
alexander
121212
christian
sayang
america
dancer
monica
112233
richard
diamond
princess1
555555
carolina
orange
steven
rangers
louise
789456
11111
999999
snoopy
nathan
shorty
hunter
killer
gabriel
cherry
buster
sandra
alejandro
george
brittany
alejandra
patricia
rachel
cheese
7777777
tequiero
159753
arsenal
ginger
dolphin
antonio
heather
david
pokemon
peanut
stephanie
blink182
sweetie
222222
pepper
maggie
beauty
chicken
987654
victoria
honey
00000
fernando
corazon
rainbow
cristina
kisses
manuel
rebelde
angel1
baseball
ricardo
55555
babygurl
heaven
martin
greenday
november
123321
alyssa
madison
mother
batman
123abc
mahalkita
september
december
morgan
