
123456
12345
123456789
password
iloveyou
princess
1234567
12345678
abc123
nicole
daniel
babygirl
monkey
lovely
jessica
654321
michael
qwerty
111111
ashley
000000
iloveu
michelle
tigger
sunshine
chocolate
password1
soccer
anthony
friends
purple
butterfly
angel
jordan
liverpool
justin
123123
fuckyou
loveme
football
secret
andrea
carlos
jennifer
joshua
bubbles
superman
1234567890
hannah
amanda
loveyou
pretty
andrew
basketball
angels
flower
tweety
hello
playboy
elizabeth
charlie
hottie
tinkerbell
samantha
chelsea
barbie
lovers
jasmine
brandon
teamo
666666
shadow
melissa
matthew
eminem
robert
danielle
forever
family
computer
jonathan
dragon
whatever
987654321
cookie
vanessa
summer
naruto
sweety
spongebob
joseph
junior
softball
taylor
yellow
mickey
lauren
daniela
princesa
alexandra
jesus
alexis
william
thomas
estrella
miguel
beautiful
angela
mylove
patrick
poohbear
iloveme
sakura
adrian
destiny
alexander
christian
121212
america
sayang
dancer
monica
112233
richard
diamond
555555
princess1
orange
steven
carolina
louise
rangers
789456
999999
snoopy
11111
nathan
hunter
shorty
gabriel
killer
cherry
buster
sandra
alejandro
george
brittany
alejandra
patricia
rachel
cheese
7777777
159753
tequiero
arsenal
ginger
dolphin
david
heather
antonio
peanut
blink182
pokemon
stephanie
222222
sweetie
pepper
maggie
victoria
chicken
beauty
987654
00000
honey
rainbow
fernando
corazon
cristina
kisses
manuel
rebelde
baseball
angel1
heaven
ricardo
martin
55555
babygurl
greenday
november
123321
mother
123abc
madison
alyssa
batman
mahalkita
morgan
december
september
asshole
mariposa
maria
bailey
gabriela
iloveyou2
pamela
jeremy
shannon
gemini
kimberly
sophie
pictures
jessie
claudia
hellokitty
austin
babygirl1
angelica
victor
horses
harley
tiffany
mahalko
booboo
mariana
eduardo
courtney
andres
kissme
iloveyou1
chris
ronaldo
peaches
october
precious
inuyasha
888888
veronica
master
james
banana
adriana
prince
cutie
jesus1
freedom
friend
crystal
zxcvbnm
oliver
samsung
edward
celtic
diana
kenneth
scooby
angelo
rebecca
carmen
jackie
sebastian
456789
spiderman
johnny
karina
christopher
school
0123456789
orlando
august
barcelona
samuel
slipknot
cameron
monkey1
mustang
bitch
cutiepie
casper
adidas
kevin
50cent
bonita
brenda
kitten
babyboy
maganda
karen
isabel
natalie
123654
internet
cuteako
sarah
789456123
javier
bowwow
777777
marvin
fuckoff
portugal
laura
tigers
jasper
denise
silver
rockstar
nicholas
chester
volleyball
january
flowers
tintin
alicia
bianca
cristian
smokey
chrisbrown
101010
garfield
dennis
sweet
cassie
strawberry
asdfgh
francis
696969
panget
benfica
love123
lollipop
qwertyuiop
olivia
cancer
charles
camila
superstar
midnight
vincent
harrypotter
ihateyou
apples
monique
christine
jordan23
scorpio
mercedes
aaaaaa
nirvana
lorena
charmed
icecream
abigail
mexico
pookie
katherine
andreea
fucker
rafael
welcome
benjamin
brianna
lovelove
abcdef
131313
aaliyah
johncena
gangsta
brooke
333333
metallica
hiphop
sergio
mybaby
julian
dakota
travis
love
michael1
sabrina
jeffrey
stephen
babyblue
catherine
badboy
jackson
fernanda
westlife
blondie
simple
smiley
melanie
sasuke
fluffy
dolphins
roberto
steaua
teresa
piglet
jason
newyork
asdfghjkl
ronald
minnie
slideshow
muffin
88888888
raymond
5201314
letmein
santiago
jayson
jerome
gandako
gatita
246810
popcorn
babyko
kitty
ladybug
sweetheart
alberto
leslie
chivas
jenny
cookies
dexter
nicole1
valeria
christ
leonardo
12345678910
rockon
232323
jayjay
anthony1
marcus
liliana
lalala
babydoll
sexygirl
amores
scooter
bitch1
chris1
fatima
eeyore
single
miamor
natasha
lover
252525
happy
skittles
159357
cocacola
brooklyn
winnie
colombia
123456a
manutd
teddybear
britney
linda
london
christina
katrina
albert
grace
marie
lakers
pasaway
mahal
tatiana
0123456
charlotte
147258369
cantik
hahaha
teiubesc
natalia
smile
francisco
elephant
stupid
genesis
amorcito
manchester
paola
shelby
angelito
turtle
147258
snickers
kelsey
hockey
mommy1
xavier
claire
amigos
marina
147852
linkinpark
marlon
spider
fuckyou1
qazwsx
brandy
garcia
diego
bonnie
sharon
444444
rabbit
disney
bandit
andrei
frankie
iverson
54321
pimpin
soccer1
justine
red123
england
fashion
dallas
bestfriend
phoenix
emily
danny
456123
hermosa
allison
guitar
102030
lucky1
wilson
potter
miranda
pumpkin
monster
camille
sporting
number1
hearts
katie
iloveu2
player
212121
sparky
people
savannah
truelove
hottie1
scotland
nelson
jayden
jasmin
timothy
canada
ganda
onelove
barney
bubble
smiles
parola
ilovehim
shakira
thunder
brandon1
estrellita
florida
sweets
motorola
evelyn
nikki
matrix
love12
familia
elijah
monkeys
joanna
omarion
lucky
999999999
emmanuel
ronnie
loverboy
broken
mamita
jackass
maryjane
rodrigo
yankees
california
westside
justin1
tennis
jamaica
mauricio
trinity
amigas
preciosa
shopping
mariah
hello1
bradley
isabella
flores
starwars
kathleen
sunflower
hector
jorge
sammy
robbie
cupcake
compaq
connor
gracie
elaine
loser
abcdefg
valentina
cheche
martinez
melody
friendster
fuckyou2
darling
jamie
candy
joanne
santos
millie
dominic
pebbles
blessed
biteme
sunshine1
swimming
taurus
aaron
tyler
ferrari
loving
gangster
gloria
snowball
dreams
kitkat
darkangel
cheyenne
sweetpea
a123456
darren
megan
dustin
jessica1
cynthia
violet
bettyboop
kelly
purple1
iubire
nothing
sydney
sophia
bestfriends
zachary
jordan1
batista
apple
inlove
froggy
oscar
chacha
010203
karla
marian
gerald
skater
billabong
sexyme
pogiako
daddy1
carebear
raiders
daddysgirl
charlie1
erika
pinky
ashley1
tigger1
money
google
nenita
gatito
buttercup
green
amber
lokita
maldita
bambam
nichole
darkness
bella
glitter
123789
dreamer
sister
lindsey
cooper
willow
fuckme
zacefron
tokiohotel
lindsay
lovebug
loveya
marissa
bubblegum
passion
123qwe
nicolas
cecilia
lollypop
kristine
anderson
butter
caroline
puppies
chubby
ariana
mario
raquel
sierra
sammie
lonely
miller
mememe
kristen
susana
sexybitch
scorpion
carter
roxana
stacey
baller
hotstuff
angelina
eagles
babylove
rocker
chance
james1
012345
sweet16
stella
football1
playgirl
marcos
qwerty1
gustavo
bhebhe
rocky
loveme1
kayla
booger
milagros
daddy
11111111
catdog
lovely1
williams
freddy
lolita
lilmama
beyonce
1234
armando
202020
undertaker
margarita
151515
caitlin
PASSWORD
loves
gerard
password2
bryan
zxcvbn
amistad
yamaha
vampire
dance
capricorn
trustno1
delfin
georgia
martha
matthew1
skyline
lizzie
hotdog
ireland
cheerleader
andrew1
tristan
tamara
scoobydoo
money1
sheila
badgirl
enrique
janine
chiquita
justme
amelia
141414
dancing
cuteme
kittycat
angeles
legolas
carlitos
xxxxxx
harvey
jesuschrist
maddie
israel
remember
angie
michelle1
lester
cinderella
ashton
thebest
patches
genius
ilovejesus
deedee
cowboys
tazmania
peewee
paloma
janice
lucky7
happy1
buddy1
april
walter
miriam
tekiero
princesita
jesucristo
myself
regina
felipe
tinker
awesome
chichi
rosita
boomer
lipgloss
jazmin
david1
pangit
arturo
molly
741852963
animal
penguin
mierda
melvin
celeste
hernandez
silvia
simpsons
pussycat
00000000
winter
hardcore
gateway
gorgeous
johnson
mylife
honeyko
babyboo
loveu
spencer
hollywood
lupita
crazy
panthers
ilovegod
trixie
valerie
alfredo
hawaii
musica
kristina
sparkle
please
daisy
scarface
murphy
098765
nikita
wesley
sexymama
hailey
hayden
poopoo
debbie
micheal
0987654321
242424
pineapple
christmas
jeremiah
lolipop
marisol
lawrence
chloe
cesar
butterfly1
sheena
qwert
isaiah
yourmom
mhine
bubbles1
blonde
barbara
brian
jimmy
xbox360
united
madalina
marley
chicago
anamaria
trouble
sandy
beatriz
whitney
diamonds
pauline
741852
jasmine1
sweetness
pantera
friendship
87654321
bananas
julius
shadow1
desiree
anita
tucker
hannah1
marie1
leanne
twinkle
lover1
birthday
panther
february
123123123
donald
twilight
shelly
bobby
eugene
cookie1
simone
bebita
abcd1234
147852369
bullshit
beckham
ashlee
imissyou
iloveyou!
pollito
catalina
damian
andre
joshua1
perfect
moomoo
nursing
torres
daniel1
dinamo
autumn
juliana
babyface
cassandra
mommy
titanic
drpepper
sexylady
bitches
852456
buddy
14344
mendoza
robert1
animals
coffee
alison
mariel
marcela
samson
gerardo
cowboy
bethany
blossom
harold
serenity
cutie1
bulldogs
amanda1
paradise
willie
simpleplan
paulina
fabian
kucing
1111111
hollister
ILOVEYOU
reggie
diesel
lovehurts
pisces
tyrone
rodriguez
element
calvin
chanel
patito
kaylee
piolin
peterpan
143143
dianne
stars
marshall
salvador
mitchell
sanchez
joseluis
jason1
tanner
grandma
dancer1
always
helena
bulldog
diosesamor
181818
derrick
sweet1
theresa
ashleigh
margaret
love4ever
thumper
chinita
alexandru
thuglife
mihaela
trisha
brownie
1q2w3e4r
aquarius
shane
phillip
amormio
aaaaa
kitty1
heart
panda
creative
yvonne
rosario
morena
sammy1
marius
donkey
bigboy
lorraine
hayley
archie
kaitlyn
danger
gregory
esther
babycakes
frances
hamster
tweety1
1q2w3e
arnold
gerrard
sexy123
parker
maverick
superman1
catarina
taylor1
pickles
trevor
marco
police
babies
brittney
11223344
virginia
speedy
rockme
sports
boston
lorenzo
italia
black
sofia
yasmin
godisgood
audrey
dominique
roxanne
rocku
happiness
asdfg
jenjen
shorty1
chrissy
nadine
giggles
753951
tyler1
cuddles
castillo
fantasy
joyjoy
darwin
summer1
maxwell
rosebud
beautiful1
pelusa
toyota
golden
12341234
justice
kittykat
fabiola
faith
mickey1
russell
cristo
jocelyn
ghetto
junjun
cheer
babygurl1
julio
madison1
cuteko
rascal
wildcats
rooney
curtis
bloods
alisha
kayleigh
college
william1
sarita
rochelle
macmac
gabrielle
gilbert
mississippi
diablo
mickeymouse
passw0rd
hello123
singer
soledad
naughty
friends1
buttons
franklin
unicorn
gwapako
123654789
marilyn
prettygirl
philip
vanilla
jellybean
elizabeth1
pretty1
yolanda
australia
busted
camilo
johanna
hershey
bismillah
pinkie
love13
bigdaddy
cricket
holas
7654321
ramona
carla
jacob
9876543210
pink123
pedro
photos
erick
briana
montana
hilary
callum
tiger
watermelon
shirley
sapphire
warren
ihateu
loveme2
emerald
rahasia
dragons
lourdes
juancarlos
PRINCESS
janelle
therock
scotty
tania
douglas
dylan
cheer1
latina
slayer
lovergirl
yoyoyo
lucky13
papito
pikachu
nascar
lavender
asshole1
breanna
22222
idontknow
yellow1
winston
aurora
iluvme
little
teamomucho
poohbear1
010101
krystal
hunter1
flower1
emanuel
belinda
iloveu1
valentine
hotgirl
goddess
shithead
cindy
cuties
diamond1
171717
damien
kittens
rocky1
merlin
copper
babyphat
peanut1
pickle
rangers1
ballet
wendy
coolgirl
caramelo
0000000000
charlene
iceman
142536
volcom
maymay
kingkong
selena
lucero
houston
baby123
music
teacher
1435254
alexa
windows
angelita
paula
love1
wicked
special
shaggy
guadalupe
boogie
kissmyass
crazy1
incubus
buster1
connie
madonna
handsome
lovelife
billy
candy1
1qaz2wsx
esmeralda
norman
dayana
myname
iloveme1
ranger
loulou
richie
yahoo
chelsea1
sexybabe
phoebe
nathaniel
spongebob1
peter
2cute4u
converse
ramirez
a12345
falloutboy
spanky
rayray
kristin
124578
dianita
1111111111
eunice
goldfish
marisa
family1
tommy
hotchick
angel123
080808
liberty
sagitario
linkin
sexy12
sassy1
sniper
jesse
walker
161616
danica
cutegirl
lacoste
campanita
harry
gothic
password123
realmadrid
marlboro
molly1
chicken1
atlanta
kelvin
juventus
peace
mookie
ronaldinho
0000000
preston
newcastle
sassy
esteban
arthur
giovanni
maribel
moises
12345a
nintendo
stefan
leelee
mahalkoh
fresita
951753
champion
snuggles
erica
tequieromucho
bernard
austin1
shutup
nissan
soulmate
celticfc
ecuador
tagged
iverson3
hotpink
thomas1
fatboy
taytay
missy
honey1
loser1
michel
playboy1
lunita
nicola
nancy
brandi
steelers
southside
blueeyes
arlene
random
mackenzie
alexia
tiger1
rachelle
michele
winner
judith
goober
ernesto
spirit
landon
blahblah
mamapapa
pierre
282828
carrie
darius
edgar
maurice
99999
chocolate1
unique
111222
cosita
morales
hermione
starlight
kennedy
dimples
coolcat
rivera
katelyn
rodney
stanley
moonlight
iluvu
viviana
something
gonzalez
esperanza
softball1
love22
newlife
bunny
children
skippy
marlene
baby12
france
father
abcde
234567
swordfish
snowflake
nigger
77777
dillon
fucku
shasha
doraemon
helpme
ingrid
romance
kathryn
runescape
domino
pitbull
ricky
geraldine
dimple
allstar
cooldude
bhaby
tweetybird
134679
pakistan
cassidy
godbless
paramore
ballin
jermaine
jefferson
smudge
chopper
julie
karate
romania
sunset
seventeen
hummer
mariela
garrett
emotional
alonso
computer1
bitchy
loveless
daisy1
puppy
smallville
freddie
clover
peluche
yugioh
mykids
blue123
annie
mexico1
meghan
thailand
cherries
andreita
ximena
goldie
basket
bella1
vanesa
dragon1
070707
kaykay
groovy
joyce
blueberry
gladys
maggie1
acuario
262626
boricua
janjan
eclipse
marjorie
blue22
whatever1
sponge
kendra
coconut
amber1
destiny1
cameron1
blabla
negrita
angelbaby
theone
booboo1
kevin1
dipset
alexis1
191919
danilo
kirsty
cheryl
harmony
samantha1
ragnarok
warrior
aileen
cheeky
serena
babyboy1
granny
john316
abraham
green1
ilovemyself
wrestling
dragonfly
guillermo
fender
blacky
mikey
bintang
nathan1
bonbon
poopie
alfonso
punkrock
michaela
miracle
online
mollie
brother
yourock
wizard
jazmine
manunited
carlo
love69
munchkin
christy
harley1
rock you
iloveboys
success
karlita
bogdan
jillian
supergirl
mmmmmm
patrick1
catalin
doggie
melisa
bugsbunny
hollie
jennifer1
lilwayne
alianza
athena
moreno
bailey1
violeta
puppylove
maureen
emilio
makayla
gymnastics
casey
ilovechris
heyhey
holly
rachael
milkshake
butthead
mathew
bullet
asdasd
159951
kenny
jupiter
juanita
1password
steven1
chandler
goodgirl
kenzie
alfred
harrison
virgin
baseball1
eternity
caramel
pepper1
manuela
ingeras
lasvegas
seven7
katkat
mckenzie
redrose
asdfjkl;
estefania
estrela
love14
godislove
jajaja
elena
lenlen
geminis
danny1
stinky
duncan
keisha
aubrey
holiday
starfish
wallace
danielle1
jaguar
felicia
santana
florin
ariel
scrappy
popeye
america1
ginger1
argentina
fishing
mayra
hehehe
blackie
chelle
joseph1
2hot4u
badass
luisa
deanna
knight
myangel
lampard
freaky
rihanna
colleen
aaron1
fiorella
killer1
sarah1
denisa
yesenia
scott
sailormoon
redsox
junior1
monday
microsoft
joana
kathy
monika
golfinho
holden
dragoste
baxter
futbol
love11
teddy
billie
gonzales
mermaid
qwe123
josephine
dramaqueen
carol
frank
ABC123
welcome1
sasha
sugar
arianna
kirsten
carito
yankee
ludacris
clayton
yvette
carina
sexylove
jonjon
computadora
Password
forever1
coolio
logitech
callie
melissa1
fucku2
alaska
clifford
manson
ilovematt
berenice
momdad
honduras
gordon
friday
steph
tracey
divina
liverpoolfc
dwayne
ilovejosh
stevie
bruno
ronaldo7
roland
lovesucks
password12
sublime
joejonas
rebeca
kisskiss
mibebe
corona
1212312121
richard1
conejo
redneck
thegame
fergie
nacional
vivian
valentin
272727
8675309
simona
evanescence
hotmama
change
love101
loveu2
maxine
88888
aventura
cristi
henry
eastside
lizard
cristiano
morris
cleopatra
brayan
drowssap
dalton
lollol
wolves
963852
fernandez
annette
legend
luisito
mahalq
shalom
blanca
orange1
motherfucker
pablo
vegeta
martina
stewart
fabulous
love21
yanyan
marcelo
alvin
howard
noodles
cuttie
maryann
gabby
555666
tequila
dolphin1
cherry1
raiders1
warriors
maximus
marines
prettyme
jersey
smelly
agosto
roberta
jennie
carlos1
heather1
sexy69
single1
medina
missy1
tricia
saints
leonard
romeo
kawasaki
nightmare
candice
randy
brendan
cheetah
platinum
090909
denver
hercules
juliet
messenger
kimkim
suzanne
iluvyou
kendall
everton
filipa
kieran
castro
pirates
jesus7
love23
asd123
grandad
snowman
456456
yousuck
bubba1
jonas
antonia
mother1
jetaime
cintaku
jacqueline
honeybee
amore
falcon
drummer
turkey
phantom
freedom1
charmaine
alvaro
romero
passport
qazwsxedc
freckles
rocknroll
mystuff
german
leticia
celine
madeline
bubba
mandy
edison
shiela
steve
ruben
pancho
julia
dulce
sweetgirl
fuckit
Princess
cracker
sayangku
ashanti
angel12
promise
020202
kenshin
franco
rocket
andreia
ericka
taekwondo
ismael
logan
alexandre
melinda
smokey1
chingy
private
surfer
jeremy1
juanito
laptop
picture
isabelle
jacob1
hamilton
mustang1
trinidad
precious1
angel2
arcangel
ganteng
budlight
peaches1
harris
cowgirl
loveyou2
spooky
sixteen
newyork1
student
iluvu2
doodle
apple1
blessed1
confused
renato
1bitch
nokia
biatch
virgo
loveable
cheese1
jesusfreak
stormy
shawn
tootsie
bobmarley
paris
rommel
shauna
jerry
pink
delete
felicidad
lynlyn
babykoh
kayla1
thalia
marion
anything
sexybaby
rolando
rainbow1
valencia
lizbeth
minime
colorado
triskelion
poison
yomama
ilovemike
maemae
scruffy
chucky
cellphone
aldrin
punkin
queen
lovers1
divine
florence
slimshady
liverpool1
swimmer
pimpin1
ewanko
gizmo1
dondon
sisters
galaxy
hazel
forget
pussy
tasha
loveyou1
a1b2c3
rey619
insane
stitch
cristal
aries
sidney
maricel
soloyo
lauren1
jackson1
madrid
emily1
rowena
321654
mnbvcxz
gunner
dorothy
country
malibu
applepie
skyler
vodafone
maimai
jonathan1
nataly
babes
chloe1
454545
password3
jonasbrothers
greenday1
bryant
system
eminem1
motocross
hanson
penelope
nickjonas
beatrice
philips
pavilion
magandaako
hitman
cruzazul
germany
paige
laurita
kagome
qwerty123
hihihi
stuart
nemesis
getmoney
paolita
filipe
alabama
redhead
theused
sherry
mypassword
princes
morado
cinta
gizmo
doctor
edwin
shanice
kakashi
psycho
beverly
morgan1
avril
marijuana
121314
irock
weed420
scooby1
bigred
bonjovi
escorpion
lucas
amazing
church
regine
fatcat
jamie1
monalisa
love15
rakista
jenna
DANIEL
password!
oscar1
stardust
nevaeh
marimar
xander
robinson
eddie
ilove
shannon1
myfamily
johana
trandafir
wonderful
super
jenifer
skipper
telefon
lifesucks
potpot
dance1
bowwow1
13579
benson
chivas1
wolverine
mobile
tonton
georgina
allen
tinker1
grapes
devils
zoey101
gibson
misty
aishiteru
jaime
angel13
tattoo
conner
bernie
milton
bamboo
fofinha
american
respect
katie1
abercrombie
cinnamon
marcel
cathy
love143
pink12
iloveme2
astig
georgiana
alondra
candyfloss
brittany1
snoopy1
winniethepooh
050505
bobby1
dietcoke
g-unit
alyssa1
donnie
poop
broncos
emilia
famous
cowboys1
eleven
cedric
amalia
iloveryan
langga
963852741
flamingo
wordpass
falcons
mypics
sprite
suzuki
moocow
angeleyes
antony
payton
spoiled
monkey2
madden
marine
fuckoff1
raven
poncho
abcdefgh
black1
alina
princess2
nathalie
303030
nelly
kimmie
shawty
krissy
tomtom
sheryl
deborah
emerson
emogirl
mikaela
pinky1
denisse
kittie
manman
292929
noodle
renee
donna
sonia
chantelle
devil
bratz
camaro
meandyou
420420
capricornio
elamor
puertorico
behappy
theman
hotboy
lillian
magdalena
chelsey
irene
makaveli
skateboard
octubre
window
123
noviembre
1123581321
newport
tiffany1
carebears
samsam
pencil
lestat
lionking
gabriella
kenken
brianna1
007007
bombon
music1
personal
skyblue
wedding
marianne
southpark
anjing
soccer12
sexy13
nikki1
brasil
chikita
bonjour
asawako
mitch
jesse1
duckie
naynay
mariajose
iforgot
maritza
scooter1
xiomara
ilovemom
ivonne
girlfriend
simpson
jamjam
lovable
hannahmontana
soccer10
desire
rodolfo
ilovepink
powers
wisdom
michigan
mylove1
sunday
perrito
brazil
smackdown
pillow
marcia
conejita
scarlet
yankees1
ssssss
rockers
boobies
josue
sexyboy
lopez
graham
ilovejoe
BABYGIRL
armani
billybob
sherwin
445566
kkkkkk
arizona
batman1
enigma
nadia
denden
killua
dingdong
believe
english
burbuja
leandro
savage
pepito
timmy
lennon
kristy
135790
zzzzzz
astrid
philly
blingbling
789789
playstation
sparkles
charity
jenny1
magic
queenie
crystal1
bigdog
loquita
missyou
naruto1
george1
victory
flaquita
sucker
frogger
bobbie
lilman
azerty
dickhead
chelseafc
bluesky
beatles
dalejr
kellie
honeys
babygirl2
dakota1
baby
anastasia
barbie1
jewels
priscilla
pandora
jjjjjj
jimenez
subaru
muhammad
hammer
longhorns
racing
lilbit
danielita
lol123
sexygurl
donovan
brayden
boyfriend
rammstein
dylan1
coldplay
carmelo
noelle
panasonic
celtic1888
libertad
leonel
778899
zidane
eileen
campbell
565656
estrellas
terrell
borboleta
delacruz
surfing
gwapa
johnpaul
jeanette
jimena
little1
corina
soccer13
spring
diciembre
peachy
12344321
hallo
gordita
johnnydepp
sexsex
princess12
shamrock
biscuit
gangsta1
apollo
krista
ladybug1
johnny1
porter
lamejor
secret1
poppy
898989
althea
sophie1
thankyou
player1
1478963
mittens
amizade
aol123
knights
pinklady
malcolm
soccer7
romina
losers
030303
classof08
maria1
senior
nofear
cotton
killme
rooster
kimberley
louie
canela
toshiba
netball
jared
sexy101
allan
060606
lacrosse
corvette
laguna
retard
rosie
jimmy1
scarlett
francesca
paulo
jeffhardy
sexyback
joejoe
twister
mariam
cristy
bernardo
latoya
love16
teodio
saturn
cloud9
tarzan
alexandria
megan1
becky
bautista
vicky
jester
rosemary
indian
pookie1
avatar
keith
nibbles
alice
jimbob
dawson
renata
belle
password7
hassan
daniella
tabitha
mohamed
maddog
gillian
lemons
darlene
sweetie1
smile1
cosmin
kickass
soccer11
celular
johnjohn
guatemala
manzana
blood
corey
gators
manolo
sugar1
suckit
jakarta
flakita
brooklyn1
margarida
angeline
shelley
hollister1
dandan
russel
trigger
halloween
bluemoon
spunky
jeffery
lilly
death
classof09
shibby
kingdom
titans
bloodz
patty
carson
mamacita
skylar
987456
libra
star123
skeeter
kiara
senior06
redred
toffee
jazzy
lizeth
lottie
mallory
christian1
hacker
dragonball
declan
5555555
charly
kermit
daphne
brian1
traviesa
stupid1
ilovejohn
alvarez
rhiannon
daredevil
cartoon
pokemon1
power
africa
acmilan
nugget
pippin
666999
ilovenick
peanuts
12121212
44444
pizza
pinkpink
9999999
nellie
lilfizz
patrice
ilovehim1
shayne
ilovesam
emopunk
carmela
eliana
herman
mercury
yandel
heartbreaker
pepsi1
peyton
love08
rockstar1
valentino
mamasita
lilian
girlie
avrillavigne
attitude
loredana
qwertyu
jehova
skate
joaquin
simon
evolution
samurai
misty1
logan1
married
lucia
nigga
mivida
desmond
diane
florida1
159159
sadie
angels1
female
tootie
battle
patricio
betty
stefania
my3kids
forest
tommy1
outlaw
soldier
sadie1
456852
squirt
lanena
travis1
ethan
nicoleta
tigers1
pandas
clarinet
kisses1
qwaszx
papamama
pasword
cheesecake
bridget
manila
pornstar
joker
salazar
jeanne
larissa
ellie
faithful
collin
glamorous
septiembre
onlyme
bernadette
pinkpanther
mumdad
lavigne
girlpower
carolyn
mexican
faith1
sexy1
eastenders
gymnast
sandy1
elliot
love07
packers
razvan
hellomoto
kimmy
sunny
prissy
indonesia
nayeli
mygirl
angelic
natalie1
qweasd
naomi
jamesbond
33333
runner
backspace
bebito
nicholas1
keyboard
bhabes
puppy1
carmel
mattie
catcat
hilaryduff
shania
happy123
1234qwer
sylvester
teddy1
detroit
victoria1
hinata
pirate
JESSICA
matias
georgie
dougie
candace
bastard
andrea1
fuckers
brutus
honda
ilovealex
brooke1
telephone
kawaii
derek
isaac
shortie
alexander1
frosty
meagan
melina
iloveben
chemical
charley
vikings
chrisb
manchesterunited
megaman
siobhan
charmed1
pollo
j123456
CARLOS
wassup
miguelito
kristian
soccer2
water
rainbows
thompson
jericho
258456
fucking
medicina
febrero
tigger2
love01
renee1
cat123
55555555
enamorada
lexmark
morrison
habibi
1lover
jackie1
qqqqqq
louise1
giselle
oranges
bumblebee
NICOLE
perros
randall
tamahome
goodies
cutiepie1
7894561230
firefly
clarence
babyangel
rocio
unknown
thirteen
margie
pepsi
yahooo
nenalinda
amarillo
deftones
benjie
westham
jaypee
domingo
yadira
captain
extreme
blondie1
soccer9
lemonade
together
paolo
iloveyou3
dumbass
skater1
daddyyankee
dallas1
secrets
adelina
lancer
mamamia
monkey123
alex123
mikey1
carrot
matematica
playmate
littleman
sexy14
cassie1
digital
jessie1
texas1
ANGEL
nestor
forgot
bunny1
gerardway
felix
girlsrule
annabelle
murray
fucklove
qwertyui
redskins
stonecold
i love you
lassie
sexy
irish
flames
123456j
potato
bombom
kaitlin
porkchop
mybaby1
terry
malachi
rebecca1
killers
renren
mommy2
clarissa
bleach
julieta
anime
123456789a
perro
holland
vicente
raluca
popstar
solomon
lewis
gracia
fucker1
spitfire
salome
angelz
beanie
osito
wildcat
watson
nicky
elvis
digimon
floricienta
china
vanessa1
paopao
tobias
strong
blazer
blackrose
malaysia
darrell
janeth
14789632
iamthebest
pumas
susan
future
security
kikay
casanova
roseann
spike
josiah
darryl
master1
maricar
caitlyn
airforce
poochie
froggie
lance
roses
teamobb
lebron
mushroom
flowerpower
reading
penguins
reynaldo
forever21
mumanddad
braves
cherokee
babybaby
infinity
monster1
mommie
gemma
blue12
blessing
classof07
iamcool
klapaucius
freak
glenda
bobesponja
whiskers
simba
chipper
samara
digger
lucifer
cortez
poopy
567890
crazygirl
osiris
therese
washington
warcraft
1princess
zombie
pangga
angel01
mustangs
pinkgirl
goodbye
sabina
central
amylee
colton
latino
dangerous
gabriel1
theking
love06
napoleon
richmond
oklahoma
summer06
sooners
explorer
butterflies
siemens
pudding
araceli
damaris
babybear
redbull
sterling
penny
1loveyou
goodluck
angel7
753159
jesus777
abc1234
love10
frankie1
mystery
porsche
kelly1
carpediem
junebug
gordito
robin
pazaway
22222222
powerpuff
dayday
midnight1
chaparra
lincoln
janet
dalejr8
love1234
m123456
baby13
hanna
magnolia
sally
horses1
guerrero
lamont
bunnies
tottenham
ASHLEY
memories
wanker
dream
laloca
hillary
mychemicalromance
rachel1
ANTHONY
werty
1122334455
arsenal1
sasha1
molina
adriano
matilda
flipper
fanny
milena
sheldon
lesley
stoner
kaiser
locura
chickens
chris123
LOVELY
jessy
seven
becca
brebre
metal
monse
monique1
babygirl12
marita
browneyes
julissa
chester1
billy1
calculator
rebekah
lightning
sharks
banana1
britt
youandme
starbucks
chuckie
olimpia
bluebird
sandiego
dollar
catwoman
mikayla
humberto
aaliyah1
asdf1234
dragonballz
123457
dolores
magodeoz
clinton
maniez
789123
koolaid
heaven1
fireman
candycane
reyes
whatsup
eduard
angelique
redhot
223344
johnathan
charles1
2sexy4u
123456m
lesbian
snowwhite
rebels
lebron23
slipknot1
ilovejames
poodle
5555555555
rangersfc
hooters
limegreen
fallen
adrienne
rusty1
maddison
sleepy
cartman
jojojo
grecia
hotrod
Jessica
terrance
iloveadam
shayshay
chino
scottie
chavez
aguilar
violin
66666
aberdeen
rogelio
blablabla
whiskey
99999999
casey1
te amo
yourmom1
jhonatan
mirela
xxxxx
gareth
bentley
claudio
micaela
mariano
fatass
imissu
cookies1
chobits
singing
monkey12
school1
loveko
yazmin
holahola
marcus1
vargas
webster
love24
fuckyou!
chase
asdfasdf
kristel
password.
******
rootbeer
hamish
verito
carajo
shelby1
sylvia
bowling
wanted
deathnote
yahoo1
danielito
shiloh
misterio
evelin
nevermind
alucard
147896325
kissme1
edward1
gunners
MICHAEL
tacobell
tyson
eleanor
sam123
tantan
mafalda
rosemarie
charming
celtic1
haley
lovehate
mahalcoh
cashmoney
usa123
shayla
rosado
warning
larisa
363636
jazzy1
button
selene
science
boobie
starburst
rakizta
jeter2
livestrong
burton
camera
jayden1
turner
jesica
blake
antonio1
viridiana
mountain
98765
penis
lololo
denise1
pussy1
haters
password5
seanpaul
1234abcd
juancho
agustin
ulises
sinead
popcorn1
smarties
friendly
jaycee
boomboom
gatinha
memory
jomblo
909090
zachary1
josefina
sampson
holly1
analyn
040404
wonder
courtney1
ilovesex
blackcat
oliver1
dookie
bandit1
56789
billiejoe
123456789123456
greeneyes
iloveyou.
321321
sexychick
pucca
sk8ter
queens
maroon5
kenny1
iminlove
786786
323232
riley
gameboy
cinthia
emiliano
dannyboy
minnie1
elisha
quincy
prayer
mildred
iloveyou7
raider
gundam
umbrella
watever
boycrazy
hellboy
soccer3
funny
philippines
krishna
pacman
trunks
casper1
ciara
laura1
rocks
cougars
patriots
wayne
beaver
angel11
soccer4
baller1
orlando1
badminton
hottie101
someone
212224
cougar
helen
larry
monkey7
369369
clouds
fercho
gracie1
elliott
johncena1
ronron
compaq1
indiana
rolltide
jingjing
foster
123698745
mylene
serendipity
flowers1
teadoro
fisher
sexybeast
versace
yenyen
blonde1
juggalo
vagina
lipstick
q1w2e3
monroe
samira
amoremio
justdoit
love18
lynette
stargirl
holla
heartbroken
redrum
fluffy1
changeme
chiqui
survivor
rebelde1
puppys
angeli
rukawa
ILOVEU
meowmeow
147147
inuyasha1
timberlake
reebok
amsterdam
tiesto
khulet
eliza
hurley
12369874
energy
rusty
airforce1
kobe24
treasure
jordyn
yummy
cupcake1
bob123
bookie
secreto
hogwarts
herbert
placebo
rupert
pelota
bradpitt
aussie
kipper
neopets
kingston
thesims
roger
freestyle
Michael
trenton
chucho
Password1
787878
rugrats
teamobebe
simba1
love09
shawna
estefany
alone
meredith
TEAMO
lakers1
griffin
honda1
elijah1
pleasure
bbbbbb
girls
martin1
blackjack
kitten1
babypink
felicity
loveit
walmart
tiago
shanna
dracula
biggie
kontol
leilani
asakapa
killa
313131
pa55word
paintball
ilovedan
yasmine
andreas
blades
myhoney
soccer14
gutierrez
mister
business
playboy123
mendez
loveforever
engineer
fotos
jonalyn
my2kids
memphis
aimee
dddddd
skinny
adonis
freeman
maximo
wateva
shawn1
alex
andrey
stefanie
chantal
marquis
789654
bacardi
pablito
candygirl
angelface
villanueva
gateway1
lilangel
amote
dustin1
general
prince1
nolove
brandy1
pppppp
12qwaszx
webcam
1234560
cheerleading
snoopdogg
JORDAN
gonzalo
marihuana
superstar1
collins
solange
panama
dulcemaria
patience
weezer
roscoe
maryjoy
raphael
underground
boricua1
123456k
spikey
firebird
romeo1
1314520
aliyah
ilovedavid
01234
artist
snickers1
penny1
sunrise
access
25252525
brodie
emelec
redman
summer07
waters
highschool
rebel
cherish
godzilla
juanjose
poiuyt
princess13
maryrose
jumong
imcute
anabel
navarro
fresa
mouse
mummy
sweetiepie
yumyum
vladimir
7895123
olivia1
shane1
doggy
bribri
mason
juicy
19871987
andromeda
mario1
party
sweetlove
corazones
tomboy
sexy11
lovegod
bitch123
grandma1
ferreira
vampires
selina
harry1
raven1
smarty
skittles1
sexy15
guitar1
turtle1
elvira
pringles
poppop
looney
tulips
devin
654123
jhonny
sirena
dieguito
oswaldo
puppydog
benji
pink11
sexbomb
street
morangos
lavinia
snoopdog
jackass1
bishop
carlita
angelgirl
pebbles1
angela1
love4u
adrian1
619619
apples1
muffin1
19891989
icecream1
alegria
beauty1
lilone
kaycee
woaini
ANDREA
ethan1
shitface
franky
scott1
spiderman1
candle
kathmandu
johndeere
muppet
leeann
sunny1
gwapo
ilove?
snakes
venezuela
goodboy
jonathon
blueangel
pink13
stephen1
herrera
minerva
texas
thanks
beaner
hendrix
myheart
gianna
lillie
myboys
mygirls
claudiu
education
imsexy
butter1
twins2
aerosmith
rovers
ironmaiden
trinity1
321654987
alinutza
pendejo
rashad
because
amethyst
bloody
francine
superpets
vinnie
cheekymonkey
stargate
pumpkin1
zxcvb
raerae
honesty
miguelangel
caleb
ernest
dog123
pereira
angel3
love17
march
qazxsw
senior07
chinito
makeup
striker
federico
panda1
chantel
misael
queen1
singapore
joaninha
wazzup
buddha
markie
nguyen
craig
hunnie
my2girls
karolina
angel5
giraffe
tangina
badboys
victor1
imcool
jesus123
homero
eighteen
voodoo
miley
gwapoko
happydays
isabela
darnell
1a2b3c
reggae
stephy
aguila
lashay
diogo
account
badger
fighter
deadman
pisica
kamote
angel22
chippy
gretchen
tammy
buffy
tyson1
sweetangel
jasper1
jarule
martini
antonella
summer08
pompom
silvana
papichulo
sexual
fucku1
password11
ivette
sherman
brokenheart
yuliana
trooper
printer
francia
floppy
soccer5
terrence
peluchin
max123
smirnoff
villevalo
ironman
smiley1
adolfo
benny
monita
glenn
dodgers
boxing
muerte
negrito
movies
ilovemymom
jaylen
goodcharlotte
laurence
babydoll1
dante
bounce
chico
tanya
bigdick
ionutz
timothy1
honeykoh
vince
homies
bradley1
glamour
juanpablo
nelly1
19921992
soylamejor
kangaroo
stefany
iubita
alesana
nigga1
tropical
smile4me
garden
metoyou
april1
caballo
family5
stephanie1
slide
angel14
bigbird
annmarie
yahoo.com
keegan
mozart
ashlyn
julieann
cheska
eddie1
gabby1
ilovemyfamily
idunno
calderon
lizzy
finalfantasy
MICHELLE
class09
breezy
dipset1
ilovejake
temple
classof06
marquez
karito
peaceout
astonvilla
dodong
sexygirl1
buddie
zxcvbnm,./
ricky1
chunky
jesussaves
davids
leigh
photo
sexyass
malagu
my2boys
ionela
princess7
polaris
spartan
tripleh
tyrell
bratz1
allie
fireball
herbie
cornelia
bumbum
marianita
escape
mike
eagles1
madmax
bobbob
kambal
maxmax
silent
luciana
ramones
tribal
winxclub
revenge
hearty
benito
milkyway
llllll
cinthya
contraseña
liezel
thunder1
badman
christie
ichigo
kentucky
reagan
mafer
cherie
peanutbutter
zamora
delicious
sparrow
leonor
woohoo
addison
daughter
coolman
sporty
mydear
narnia
password13
adrianna
savannah1
burger
shasta
fiesta
trouble1
angel101
mason1
estela
backstreet
anakin
jessa
giants
1jesus
arianne
rosie1
star
q1w2e3r4
topgun
naenae
auburn
369852
password4
pamelita
jologs
godfather
lilred
baby14
imagine
silver1
boobear
maddie1
savanna
jesusc
riley1
babycoh
playboi
grumpy
itachi
pink22
french
friends4ever
whisper
buffalo
aguilas
xoxoxo
ilovemark
luisteamo
tarheels
hongkong
alissa
monkey3
sparky1
timmy1
journey
musical
horse
19861986
bigman
nichole1
alanna
jhenny
gordon24
youtube
lovingyou
monopoly
maradona
summertime
crazy4u
543210
ritinha
chinchin
candyman
presario
haylee
jaiden
delfines
jungle
roxygirl
kristi
running
soccer15
walalang
mileycyrus
cabbage
ariane
rosales
green123
brown
bhabie
coolness
immortal
patches1
cancel
neneng
sixers
salinas
lilmama1
505050
ilovetom
23456
PASSWORD1
salvation
oooooo
oliveira
broken1
pegasus
chevelle
bennett
history
emokid
ralph
jessika
irving
gotohell
geronimo
froggy1
mom123
punker
topher
smooth
soccer8
pokpok
praise
grace1
ilovejason
jackson5
damion
fcporto
principe
whocares
ioana
cheers
livelife
lucian
mayang
james123
princess3
angel21
fourteen
cielo
popopo
dublin
prinsesa
dodger
kassandra
magaly
69696969
rhonda
oldnavy
rastaman
twinkie
souljaboy
ramon
island
123987
jensen
hudson
bigbrother
ranita
chihuahua
111213
thatshot
dwight
elmejor
mission
innocent
momanddad
spike1
gunit
pancake
lorenz
dominick
sebas
soccer6
abcd123
devil666
ravens
hitler
pampam
poppy1
fabio
disturbed
beloved
babygirl13
newton
colombia1
123789456
cristiana
bellota
doglover
candies
newzealand
samanta
emachines
tierra
monkeybutt
pancakes
jacky
information
denzel
zander
cierra
itzel
barbiegirl
harlem
chase1
hawaiian
alessandro
Daniel
pothead
lorenita
marygrace
demons
karencita
pioneer
james23
morenita
kittys
debora
my3sons
booger1
iulian
celina
jesuslovesme
waterfall
cowboy1
passwords
katty
complicated
choclate
fatman
perlita
gisela
iloveyou12
star12
sailor
gerrard8
asdfghjk
angell
hotshot
paige1
midget
1angel
cooper1
monitor
estrada
afrodita
asdfghj
baby08
viking
frederick
dutchess
xavier1
lionel
alicia1
clueless
cookiemonster
benedict
piggy
graciela
sharpay
predator
class07
poptart
jesuss
258963
tornado
kelley
1blood
222333
peter1
madness
packard
hotbabe
dudley
angel16
a1b2c3d4
guinness
fuckface
monica1
millwall
baby1
sandrita
trumpet
wachtwoord
awesome1
kamila
pineda
123456s
garnet
silvestre
qweasdzxc
qwer1234
ilovedogs
melany
blue13
kahitano
einstein
sexy01
gwapoako
19931993
coleman
111111111
qwerty12
makulit
marielle
pearl
miguel1
jonny
mcdonalds
manager
molly123
pingpong
allyson
bertha
thinkpink
mango
angel10
timber
groovychick
QWERTY
pollita
looser
enter
omarion1
tennis1
willy
people1
control
tortuga
turtles
chelsie
cannabis
sandoval
nicole2
redroses
chris12
lollies
siempre
teresita
original
budweiser
hibernian
edwards
guitarra
biology
steph1
apple123
classic
cabrera
solotu
mifamilia
godlovesme
hamtaro
jelly
marta
doodles
reaper
create
mommy3
jomar
rafaela
bighead
erwin
brendon
ninja
ilovekyle
mandy1
linda1
Nicole
sexybitch1
mercado
s123456
nature
MONKEY
coyote
JASMINE
alvarado
bearbear
elisa
honeyz
keekee
doggies
family4
usher
pinkish
ezekiel
blizzard
elisabeth
monyet
friendsforever
skywalker
richelle
bond007
labebe
wordlife
lovebug1
000001
marsha
sassygirl
laurie
maricris
maiden
happyfeet
mysterio
monkeys1
jones
mariah1
water1
blue32
luckydog
delgado
sosexy
momof3
monkey13
venice
littlebit
birdie
tanisha
pisicuta
meggie
estefani
elefante
aquino
princess123
bitch69
pizza1
19941994
belleza
valery
sweety1
sahara
bessie
annie1
Jordan
matty
glasgow
bubulina
mybabies
hailey1
19851985
dejavu
mohammed
boobs
georgia1
antoine
aquamarine
nineteen
carissa
maricela
fabolous
deejay
hunnybunny
akatsuki
negro
latrice
poiuytrewq
ibanez
snowboard
chico1
alessandra
killbill
maisie
hondacivic
angelus
savior
manny
bryan1
baybee
aleja
carebear1
eloisa
independent
mmmmm
lowrider
bball
madman
lalito
141516
search
oakland
kamikaze
brooks
devon
1q2w3e4r5t
juanes
arielle
shaun
candie
twiggy
ash123
priscila
cool123
eragon
bubble1
corbin
hello12
gotmilk
lilly1
fairies
flipflop
Michelle
minniemouse
teetee
AMERICA
duchess
grandpa
ortega
cutify
bernice
nicolle
gilberto
tasha1
hilton
ripcurl
maxpower
subway
nickolas
connor1
terminator
dionne
buffy1
dorian
louis
carnell
aaaaaaaa
chicky
sandra1
hello2
florentina
LOVEME
catdog1
nicole12
corey1
amorsito
padilla
lovemom
snowball1
nookie
beach
telefono
nanita
kimerald
velvet
mamama
hoover
wonderland
fantastic
josie
987456321
palmtree
gordo
bitches1
catfish
lovelygirl
deandre
disneyland
escola
teddybear1
assassin
burberry
ignacio
143444
volume
paixao
camelia
ramiro
baby07
456321
gracey
TWEETY
hello!
memyselfandi
kassie
guzman
tenten
angel15
hellothere
happybunny
nobody
nessa
notebook
volley
metalica
ferret
cheyanne
integra
putangina
crackers
jamielee
capslock
sparks
bunnyboo
bigmama
baby11
luckyme
courage
cancun
joselito
fresas
Anthony
sexy16
joselyn
babygal
loraine
kameron
alonzo
1qazxsw2
lovehim
smitty
chiquito
indigo
bonnie1
target
kansas
minina
abegail
bigfoot
1truelove
alohomora
colt45
diamante
JOSHUA
77777777
hustler
wwwwww
bhabycoh
pandabear
hellow
cobain
gavin
sierra1
nikolas
computador
lissette
bobcat
k123456
chicks
henderson
baby01
muneca
giovanna
edgardo
jamila
jesusislord
rancid
candys
twins
onepiece
roberts
peekaboo
ibrahim
gerson
chuchu
venus
dixie1
blink
hardrock
beebee
sexymama1
counter
jeffrey1
dottie
ojitos
leopard
bluebell
anahi
lilkim
semperfi
pizzas
crybaby
magnum
newman
avalon
jazzie
angel07
JUNIOR
young1
honest
1029384756
jehovah
scream
lamborghini
Liverpool
ESTRELLA
soccer16
smokie
class08
booty
elvis1
chronic
xtreme
smile123
loveis
fraser
eatshit
deleon
darkside
satan666
marvel
784512
splash
steve1
ilovecats
raymond1
blanco
cutie123
stephany
monmon
escorpio
balong
squall
abigail1
tanner1
09876
qaz123
tucker1
labtec
lights
suicide
tracy
chargers
southern
peace1
university
bluestar
lloyd
pacheco
Danielle
casino
benjamin1
julian1
alex12
carola
alfie
lianne
queenbee
universal
336699
jerson
monserrat
thelma
monkey11
braveheart
JESUS
JUSTIN
shadmoss
sandro
aragorn
vernon
princess11
rosalie
horse1
carlito
224466
jerico
nightwish
BRANDON
888999
angie1
alemania
angel23
marques
loved1
preety
blue
isaiah1
chicago1
anaconda
januari
june23
gorillaz
dolphins1
labrador
gandalf
campos
micah
lucille
sexyred
amerika
......
magic1
lacrimosa
italian
heyheyhey
PRINCESA
lilromeo
noelia
Tigger
andre1
trojans
6543210
reddog
spongecola
123456c
stronger
hotlips
redwings
andreina
456654
bigboy1
kitty123
mongoose
sonny
steelers1
honeyq
newpassword
badboy1
miller1
element1
helloo
teamomiamor
sabrina1
matilde
chinese
iuliana
revolution
metallica1
tekieromucho
jonatan
asasas
godsmack
eugenia
summer05
foxylady
fantasia
321456
smithy
wertyu
jellybeans
redsox1
pooper
june28
1234554321
disney1
natali
thesims2
bball1
abbie
castle
muslim
smith
rosalinda
soccer22
yomomma
roderick
cccccc
bling
squirrel
janina
murder
planet
denis
chikis
kendrick
francisca
212224236
ferguson
525252
rabbits
chandra
orlandobloom
teodora
sweetypie
2222222
tomato
rasta
2sweet
bonethugs
sagitarius
passions
techno
heroes
jamal
juliocesar
j12345
19881988
yessica
western
lokito
polarbear
nigger1
onelove1
chance1
estrelinha
brianne
milano
anarchy
heavenly
235689
butterfly2
sexkitten
sexygal
losangeles
19951995
koolkat
nextel
missie
jokers
spencer1
oicu812
pass123
piscis
houston1
nathaly
123456t
harriet
yankees2
FUCKYOU
crips
1babygirl
sexysexy
123456b
toronto
holler
spotty
19841984
dirtbike
#1bitch
fossil
rockandroll
brenda1
michell
hellohello
powder
sausage
edith
gogirl
derick
TIGGER
celica
sirenita
love33
quiksilver
ihateyou1
daryl
playboy69
ventura
leavemealone
iloveluke
super1
wiggles
consuelo
camilita
MIGUEL
ladybird
limpbizkit
privacy
petewentz
gusanito
jayjay1
princess01
snapple
stewie
ducky
rasmus
inlove1
letmein1
biteme1
karen1
fernandes
brujita
sister1
apache
LIVERPOOL
durango
universidad
sissy1
lilsexy
heidi
louisa
isabella1
newnew
lickme
cutie12
1a2b3c4d
felicidade
honeypie
supernova
joselin
speaker
lobster
tigger12
perla
annann
spears
ineedyou
10203040
19911991
chango
poetry
brennan
iloveyou4
jayvee
japanese
jimmie
twisted
aracely
usher1
blondy
rapper
roselyn
Jennifer
zxcvbnm1
camara
destinee
gogogo
mateo
timberland
dickies
chevy1
teamare
Brandon
slamdunk
malena
shaina
henry14
imthebest
latina1
dixie
powell
ronnel
damnit
robbie1
christina1
bandung
soccer17
class06
startrek
bouncer
chiquis
ALEXIS
rockets
angelie
ciocolata
pasion
candy123
pascual
softball12
wolfpack
gamecube
manuelito
