#!comment: This collection of data is (C) 1996-2020 by Insecure.Com LLC.
#!comment: It is distributed under the Nmap Public Source license as
#!comment: provided in the LICENSE file of the source distribution or at
#!comment: https://svn.nmap.org/nmap/LICENSE .  Note that this license
#!comment: requires you to license your own work under a compatable open source
#!comment: license.  If you wish to embed Nmap technology into proprietary
#!comment: software, we sell alternative licenses (contact sales@insecure.com).
#!comment: Dozens of software vendors already license Nmap technology such as
#!comment: host discovery, port scanning, OS detection, and version detection.
#!comment: For more details, see https://nmap.org/book/man-legal.html

public
private
snmpd
mngt
cisco
admin
PUBLIC
PRIVATE
#!comment: https://tools.cisco.com/security/center/content/CiscoSecurityAdvisory/cisco-sa-20160831-sps3
rmonmgmtuicommunity
#!comment: http://www.phenoelit.org/dpl/dpl.html
secret
cascade
ANYCOM
ILMI
volition
TENmanUFactOryPOWER
MiniAP
snmp-Trap
