
abbot
admin
administration
ads
adserver
alerts
alpha
ap
apache
api
app
apps
appserver
aptest
arch
artifactory
assembla
atd
athena
atollon
attask
attix
attix5
auth
automatedqa
backend
backup
bacula
badboy
basecamp
bazaar
beta
bitkeeper
bkp
blog
branch
brightwork
broadwave
bromine
bugtracker
bugzilla
build
businessdriver
campus
catchlimited
ccc
cdn
centraldesktop
cerebro
chat
citrix
civicrm
clarizen
clearcase
clearquest
clif
clockingit
cms
codebeamer
codendi
codesourcery
codeville
collabtive
compuware
concordion
conformiq
corp
cppunit
crm
crs
cruisecontrol
cubictest
cucumber
cunit
cvs
cvsnt
darcs
dartenium
database
db
dcvs
debbugs
demo
dev
devel
development
devsql
devtest
dhcp
dieseltest
digitaltester
direct
distract
dmz
dns
dns0
dns1
dns2
dolibarr
dotproject
download
dune
durable
duxqa
dynamics
easy
egroupware
eload
elvior
empirix
en
endeavour
enterprise
epesi
epesibim
erp
eshop
etester
eventum
exchange
f5
fasttrack
feng
fileserver
firefly
firewall
flumotion
flyspray
fogbugz
foro
forum
fossil
frankenstein
freecast
froglogic
frontend
ftp
ftp0
functional
functionaltester
fwptt
game
games
gamma
gemini
geniesys
genietcms
genius
git
glasscubes
gnats
goplan
grinder
guitar
gurock
gw
hammerhead
hammerora
harvest
helix
help
helpdesk
home
host
htmlunit
http
httpunit
huddle
hudson
hyperoffice
icecast
id
ikiwiki
images
incisif
inflectra
info
informup
internal
internet
intra
intranet
ipv6
issuenet
isupport
it
itcampus
jabber
jadeliquid
jbehave
jboss
jcrawler
jemmy
jfunc
jira
jite
jmeter
jotbug
journyx
jtest
jtrack
junit
jwebunit
kayako
kforge
kkoop
lab
launchpad
ldap
liberum
libresource
linux
liquidplanner
liquidtest
list
lista
listas
listman
lists
loadrunner
local
log
magnetic
mail
mail2
mail3
mailgate
mailman
main
manage
mantis
mantisbt
manual
marathon
matchware
maven
mbt
media
mercurial
mercury
merlin
messagemagic
mgmt
mingle
mirror
mks
mksintegrity
mobile
mojo
monitor
monotone
mssql
mta
mvn
mx
mx0
mx1
mysql
news
noc
ns
ns0
ns1
ns2
ns3
ntp
nuevosoft
objentis
opengoo
opengroup
openload
openproj
openqa
opensta
openwebload
ops
optimaltest
oracle
orcanos
origsoft
otmgr
otrs
owa
passmark
pbx
peercast
perforce
performancetester
phpgroupware
phprojekt
phpunit
pivotal
pjsip
planisware
plastic
postfix
practitest
primavera
principal
prod
project
projecthq
projectpier
projectplace
projectspaces
projektron
projistics
psnext
pureagent
pureload
puretest
pylot
qadirector
qaliber
qaload
qamanager
qatraq
qmetry
qmtest
qpack
qtest
qtronic
qualify
quickbase
quicktest
quicktestpro
quotium
rcs
realese
redmine
remedy
request
research
robot
roundup
rth
s3
sahi
salome
sap
scarab
sccs
seam
seapine
search
secure
selenium
sendmail
server
services
severa
sharpforge
shop
shoutcast
siebel
silk
silkcentral
silkperformer
simpletest
simpletestmanagement
simpleticket
simulator
sip
sipp
sipr
smartesoft
smartload
smartqm
smartscript
smartsheet
smtp
soap
soapui
software
softwareresearch
sourcesafe
specflow
spiceworks
spiratest
spring
sql
squid
squish
ssh
ssl
staff
stage
stagging
static
stats
storytestiq
streaming
stub
sugar
sugarcrm
supportworks
svk
svn
synergy
syslog
tag
team
teamcenter
teamware
teamwork
teamworkpm
techexcel
telerik
tenrox
test
test1
test2
testbench
testcase
testcomplete
testdirector
testdrive
tester
testing
testitools
testlink
testlog
testman
testmanager
testmaster
testmasters
testopia
testoptimal
testpartner
testrail
testrun
testsuite
testtrack
testuff
testup
testworks
texttest
tigris
tomcat
tplan
trac
track
tracker
trackersuite
tricentis
trunk
twist
ubidesk
unawave
unreal
upload
utest
vault
verisium
vm
vnc
vncrobot
voip
vperformer
vpmi
vpn
vtest
watin
watir
web
web2project
web2test
webaii
webdriver
webftp
webking
webload
webspoc
whois
wiki
windmill
winrunner
wit
workbook
workengine
worklenz
workspace
wowza
wrike
ws
www
www2
xhtmlunit
xml
xml-simulator
xplanner
xqual
xstudio
youtrack
zentrack
zephyr
zoho
