
abbot
admin
adserver
alpha
api
aptest
arch
artifactory
assembla
atd
athena
atollon
attask
attix
attix5
automatedqa
backend
backup
bacula
badboy
basecamp
bazaar
beta
bitkeeper
bkp
branch
brightwork
broadwave
bromine
bugtracker
bugzilla
build
businessdriver
campus
catchlimited
ccc
centraldesktop
cerebro
civicrm
clarizen
clearcase
clearquest
clif
clockingit
codebeamer
codendi
codesourcery
codeville
collabtive
compuware
concordion
conformiq
cppunit
crm
cruisecontrol
cubictest
cucumber
cunit
cvs
cvsnt
darcs
dartenium
dcvs
debbugs
dev
devel
development
devtest
dieseltest
digitaltester
distract
dolibarr
dotproject
dune
durable
duxqa
dynamics
easy
egroupware
eload
elvior
empirix
endeavour
enterprise
epesi
epesibim
etester
eventum
fasttrack
feng
firefly
flumotion
flyspray
fogbugz
foro
forum
fossil
frankenstein
freecast
froglogic
frontend
ftp
functional
functionaltester
fwptt
game
games
gamma
gemini
geniesys
genietcms
genius
git
glasscubes
gnats
goplan
grinder
guitar
gurock
hammerhead
hammerora
harvest
helix
help
helpdesk
home
htmlunit
httpunit
huddle
hudson
hyperoffice
icecast
ikiwiki
images
incisif
inflectra
info
informup
intra
intranet
issuenet
isupport
it
itcampus
jabber
jadeliquid
jbehave
jboss
jcrawler
jemmy
jfunc
jira
jite
jmeter
jotbug
journyx
jtest
jtrack
junit
jwebunit
kayako
kforge
kkoop
launchpad
liberum
libresource
liquidplanner
liquidtest
list
lista
listas
listman
lists
loadrunner
magnetic
mail
mailman
mantis
mantisbt
manual
marathon
matchware
maven
mbt
media
mercurial
mercury
merlin
messagemagic
mingle
mks
mksintegrity
mojo
monotone
mvn
nuevosoft
objentis
opengoo
opengroup
openload
openproj
openqa
opensta
openwebload
optimaltest
orcanos
origsoft
otmgr
otrs
passmark
peercast
perforce
performancetester
phpgroupware
phprojekt
phpunit
pivotal
pjsip
planisware
plastic
postfix
practitest
primavera
principal
prod
project
projecthq
projectpier
projectplace
projectspaces
projektron
projistics
psnext
pureagent
pureload
puretest
pylot
qadirector
qaliber
qaload
qamanager
qatraq
qmetry
qmtest
qpack
qtest
qtronic
qualify
quickbase
quicktest
quicktestpro
quotium
rcs
realese
redmine
remedy
request
research
robot
roundup
rth
s3
sahi
salome
sap
scarab
sccs
seam
seapine
search
selenium
sendmail
services
severa
sharpforge
shoutcast
siebel
silk
silkcentral
silkperformer
simpletest
simpletestmanagement
simpleticket
simulator
sipp
sipr
smartesoft
smartload
smartqm
smartscript
smartsheet
soap
soapui
software
softwareresearch
sourcesafe
specflow
spiceworks
spiratest
spring
squish
staff
stage
stagging
static
storytestiq
streaming
stub
sugar
sugarcrm
supportworks
svk
svn
synergy
tag
team
teamcenter
teamware
teamwork
teamworkpm
techexcel
telerik
tenrox
test
test1
test2
testbench
testcase
testcomplete
testdirector
testdrive
tester
testing
testitools
testlink
testlog
testman
testmanager
testmaster
testmasters
testopia
testoptimal
testpartner
testrail
testrun
testsuite
testtrack
testuff
testup
testworks
texttest
tigris
tomcat
tplan
trac
track
tracker
trackersuite
tricentis
trunk
twist
ubidesk
unawave
unreal
utest
vault
verisium
vnc
vncrobot
vperformer
vpmi
vtest
watin
watir
web
web2project
web2test
webaii
webdriver
webking
webload
webspoc
wiki
windmill
winrunner
wit
workbook
workengine
worklenz
workspace
wowza
wrike
ws
www
www2
xhtmlunit
xml-simulator
xplanner
xqual
xstudio
youtrack
zentrack
zephyr
zoho
