a4p
a5w
adp
adr
aex
alx
ap
aro
asa
asax
ascx
ashx
asmx
asp
aspx
asr
atom
att
awm
axd
bml
bok
browser
btapp
bwp
cdf
cer
cfm
cfml
cgi
cha
chat
chm
cms
codasite
compressed
con
cpg
crdownload
crl
crt
cshtml
csp
csr
css
dap
dbm
dcr
der
dhtml
disco
discomap
dll
dml
do
dochtml
docmhtml
dothtml
download
dtd
dwt
ece
edge
epibrw
esproj
ewp
fcgi
fmp
fwp
gne
gsp
hdm
hdml
htaccess
htc
htm
html
htx
hxs
hype
idc
ihtml
iqy
itms
itpc
iwdgt
jcz
jhtml
jnlp
js
json
jsp
jspa
jspx
jst
jvs
jws
las
lasso
lassoapp
lbc
less
maff
map
mapx
master
mht
mhtml
moz
mspx
mvc
mvr
nxg
nzb
obml
ognc
opml
oth
p12
p7
p7b
p7c
pac
page
pem
php%d?
phtm
phtml
pl
ppthtml
pptmhtml
prf
pro
psp
ptw
pub
qbo
qf
qrm
rhtml
rjs
rna
rss
rt
rw3
rwp
rwsw
rwtheme
saveddeck
sdb
seam
sht
shtm
shtml
site
sitemap
sites2
spc
srf
ssp
stc
stl
stm
stml
stp
suck
svc
svr
swz
tvpi
tvvi
ucf
uhtml
url
vbd
vbhtml
vlp
vrml
vsdisco
wbxml
wdgt
web
webarchive
webbookmark
webhistory
webloc
website
webz
wgp
wgt
whtt
widget
wml
wn
woa
wpp
wpx
wrf
wsdl
xbel
xbl
xfdl
xht
xhtm
xhtml
xml
xpd
xss
xul
xws
zfo
zhtml
zul
zvz
